[1.000s] Invoking command in '/home/snape/track/assignment1_rt': PYTHONPATH=/home/snape/track/build/assignment1_rt/prefix_override:/usr/lib/python3/dist-packages/colcon_core/task/python/colcon_distutils_commands:/home/snape/track/install/assignment1_rt/lib/python3.10/site-packages:${PYTHONPATH} /usr/bin/python3 -W ignore:setup.py install is deprecated -W ignore:easy_install command is deprecated setup.py egg_info --egg-base ../build/assignment1_rt build --build-base /home/snape/track/build/assignment1_rt/build install --record /home/snape/track/build/assignment1_rt/install.log --single-version-externally-managed install_data
[1.275s] running egg_info
[1.276s] writing ../build/assignment1_rt/assignment1_rt.egg-info/PKG-INFO
[1.276s] writing dependency_links to ../build/assignment1_rt/assignment1_rt.egg-info/dependency_links.txt
[1.276s] writing entry points to ../build/assignment1_rt/assignment1_rt.egg-info/entry_points.txt
[1.276s] writing requirements to ../build/assignment1_rt/assignment1_rt.egg-info/requires.txt
[1.276s] writing top-level names to ../build/assignment1_rt/assignment1_rt.egg-info/top_level.txt
[1.278s] reading manifest file '../build/assignment1_rt/assignment1_rt.egg-info/SOURCES.txt'
[1.280s] writing manifest file '../build/assignment1_rt/assignment1_rt.egg-info/SOURCES.txt'
[1.280s] running build
[1.280s] running build_py
[1.280s] copying assignment1_rt/ui_node.py -> /home/snape/track/build/assignment1_rt/build/lib/assignment1_rt
[1.281s] copying assignment1_rt/turtle_spawn.py -> /home/snape/track/build/assignment1_rt/build/lib/assignment1_rt
[1.281s] running install
[1.281s] running install_lib
[1.282s] copying /home/snape/track/build/assignment1_rt/build/lib/assignment1_rt/ui_node.py -> /home/snape/track/install/assignment1_rt/lib/python3.10/site-packages/assignment1_rt
[1.282s] copying /home/snape/track/build/assignment1_rt/build/lib/assignment1_rt/turtle_spawn.py -> /home/snape/track/install/assignment1_rt/lib/python3.10/site-packages/assignment1_rt
[1.284s] byte-compiling /home/snape/track/install/assignment1_rt/lib/python3.10/site-packages/assignment1_rt/ui_node.py to ui_node.cpython-310.pyc
[1.285s] byte-compiling /home/snape/track/install/assignment1_rt/lib/python3.10/site-packages/assignment1_rt/turtle_spawn.py to turtle_spawn.cpython-310.pyc
[1.285s] running install_data
[1.285s] running install_egg_info
[1.287s] removing '/home/snape/track/install/assignment1_rt/lib/python3.10/site-packages/assignment1_rt-0.0.0-py3.10.egg-info' (and everything under it)
[1.287s] Copying ../build/assignment1_rt/assignment1_rt.egg-info to /home/snape/track/install/assignment1_rt/lib/python3.10/site-packages/assignment1_rt-0.0.0-py3.10.egg-info
[1.288s] running install_scripts
[1.310s] writing list of installed files to '/home/snape/track/build/assignment1_rt/install.log'
[1.328s] Invoked command in '/home/snape/track/assignment1_rt' returned '0': PYTHONPATH=/home/snape/track/build/assignment1_rt/prefix_override:/usr/lib/python3/dist-packages/colcon_core/task/python/colcon_distutils_commands:/home/snape/track/install/assignment1_rt/lib/python3.10/site-packages:${PYTHONPATH} /usr/bin/python3 -W ignore:setup.py install is deprecated -W ignore:easy_install command is deprecated setup.py egg_info --egg-base ../build/assignment1_rt build --build-base /home/snape/track/build/assignment1_rt/build install --record /home/snape/track/build/assignment1_rt/install.log --single-version-externally-managed install_data
