-- The C compiler identification is GNU 11.4.0
-- The CXX compiler identification is GNU 11.4.0
-- Detecting C compiler ABI info
-- Detecting C compiler ABI info - done
-- Check for working C compiler: /usr/bin/cc - skipped
-- Detecting C compile features
-- Detecting C compile features - done
-- Detecting CXX compiler ABI info
-- Detecting CXX compiler ABI info - done
-- Check for working CXX compiler: /usr/bin/c++ - skipped
-- Detecting CXX compile features
-- Detecting CXX compile features - done
-- Found ament_cmake: 1.3.12 (/opt/ros/humble/share/ament_cmake/cmake)
-- Found Python3: /usr/bin/python3 (found version "3.10.12") found components: Interpreter 
-- Override CMake install command with custom implementation using symlinks instead of copying resources
-- Found rclcpp: 16.0.16 (/opt/ros/humble/share/rclcpp/cmake)
-- Found rosidl_generator_c: 3.1.7 (/opt/ros/humble/share/rosidl_generator_c/cmake)
-- Found rosidl_adapter: 3.1.7 (/opt/ros/humble/share/rosidl_adapter/cmake)
-- Found rosidl_generator_cpp: 3.1.7 (/opt/ros/humble/share/rosidl_generator_cpp/cmake)
-- Using all available rosidl_typesupport_c: rosidl_typesupport_fastrtps_c;rosidl_typesupport_introspection_c
-- Using all available rosidl_typesupport_cpp: rosidl_typesupport_fastrtps_cpp;rosidl_typesupport_introspection_cpp
-- Found rmw_implementation_cmake: 6.1.2 (/opt/ros/humble/share/rmw_implementation_cmake/cmake)
-- Found rmw_fastrtps_cpp: 6.2.9 (/opt/ros/humble/share/rmw_fastrtps_cpp/cmake)
-- Found OpenSSL: /usr/lib/x86_64-linux-gnu/libcrypto.so (found version "3.0.2")  
-- Found FastRTPS: /opt/ros/humble/include  
-- Using RMW implementation 'rmw_fastrtps_cpp' as default
-- Looking for pthread.h
-- Looking for pthread.h - found
-- Performing Test CMAKE_HAVE_LIBC_PTHREAD
-- Performing Test CMAKE_HAVE_LIBC_PTHREAD - Success
-- Found Threads: TRUE  
-- Found geometry_msgs: 4.9.0 (/opt/ros/humble/share/geometry_msgs/cmake)
-- Found sensor_msgs: 4.9.0 (/opt/ros/humble/share/sensor_msgs/cmake)
-- Found rosidl_default_generators: 1.2.0 (/opt/ros/humble/share/rosidl_default_generators/cmake)
-- Found ament_cmake_ros: 0.10.0 (/opt/ros/humble/share/ament_cmake_ros/cmake)
-- Using all available rosidl_typesupport_c: rosidl_typesupport_fastrtps_c;rosidl_typesupport_introspection_c
-- Using all available rosidl_typesupport_cpp: rosidl_typesupport_fastrtps_cpp;rosidl_typesupport_introspection_cpp
-- Found PythonInterp: /usr/bin/python3 (found suitable version "3.10.12", minimum required is "3.6") 
-- Found python_cmake_module: 0.10.0 (/opt/ros/humble/share/python_cmake_module/cmake)
-- Found PythonLibs: /usr/lib/x86_64-linux-gnu/libpython3.10.so (found suitable version "3.10.12", minimum required is "3.5") 
-- Using PYTHON_EXECUTABLE: /usr/bin/python3
-- Using PYTHON_INCLUDE_DIRS: /usr/include/python3.10
-- Using PYTHON_LIBRARIES: /usr/lib/x86_64-linux-gnu/libpython3.10.so
-- Found PythonExtra: .so  
[0mCMake Deprecation Warning at /opt/ros/humble/share/rosidl_cmake/cmake/rosidl_target_interfaces.cmake:32 (message):
  Use rosidl_get_typesupport_target() and target_link_libraries() instead of
  rosidl_target_interfaces()
Call Stack (most recent call first):
  CMakeLists.txt:28 (rosidl_target_interfaces)

[0m
[0mCMake Deprecation Warning at /opt/ros/humble/share/rosidl_cmake/cmake/rosidl_target_interfaces.cmake:32 (message):
  Use rosidl_get_typesupport_target() and target_link_libraries() instead of
  rosidl_target_interfaces()
Call Stack (most recent call first):
  CMakeLists.txt:33 (rosidl_target_interfaces)

[0m
-- Configuring done
-- Generating done
-- Build files have been written to: /home/snape/2_track/src/a2_controller/build/a2_controller
[  1%] [34m[1mGenerating C code for ROS interfaces[0m
[  3%] [34m[1mGenerating C++ code for ROS interfaces[0m
[  3%] Built target ament_cmake_python_symlink_a2_controller
running egg_info
creating a2_controller.egg-info
writing a2_controller.egg-info/PKG-INFO
writing dependency_links to a2_controller.egg-info/dependency_links.txt
writing top-level names to a2_controller.egg-info/top_level.txt
writing manifest file 'a2_controller.egg-info/SOURCES.txt'
reading manifest file 'a2_controller.egg-info/SOURCES.txt'
writing manifest file 'a2_controller.egg-info/SOURCES.txt'
[  3%] Built target ament_cmake_python_build_a2_controller_egg
[  3%] Built target a2_controller__cpp
[  5%] [32mBuilding C object CMakeFiles/a2_controller__rosidl_generator_c.dir/rosidl_generator_c/a2_controller/msg/detail/obstacle_info__functions.c.o[0m
[  7%] [32mBuilding C object CMakeFiles/a2_controller__rosidl_generator_c.dir/rosidl_generator_c/a2_controller/srv/detail/set_safety_threshold__functions.c.o[0m
[  9%] [32mBuilding C object CMakeFiles/a2_controller__rosidl_generator_c.dir/rosidl_generator_c/a2_controller/srv/detail/get_velocity_stats__functions.c.o[0m
[ 11%] [34m[1mGenerating C++ introspection for ROS interfaces[0m
[ 13%] [34m[1mGenerating C++ type support dispatch for ROS interfaces[0m
[ 15%] [34m[1mGenerating C++ type support for eProsima Fast-RTPS[0m
[ 17%] [32m[1mLinking C shared library liba2_controller__rosidl_generator_c.so[0m
[ 17%] Built target a2_controller__rosidl_generator_c
[ 23%] [34m[1mGenerating C type support dispatch for ROS interfaces[0m
[ 23%] [34m[1mGenerating C type support for eProsima Fast-RTPS[0m
[ 23%] [34m[1mGenerating C introspection for ROS interfaces[0m
[ 27%] [32mBuilding CXX object CMakeFiles/a2_controller__rosidl_typesupport_cpp.dir/rosidl_typesupport_cpp/a2_controller/srv/set_safety_threshold__type_support.cpp.o[0m
[ 27%] [32mBuilding CXX object CMakeFiles/a2_controller__rosidl_typesupport_cpp.dir/rosidl_typesupport_cpp/a2_controller/msg/obstacle_info__type_support.cpp.o[0m
[ 29%] [32mBuilding CXX object CMakeFiles/a2_controller__rosidl_typesupport_cpp.dir/rosidl_typesupport_cpp/a2_controller/srv/get_velocity_stats__type_support.cpp.o[0m
[ 33%] [32mBuilding CXX object CMakeFiles/a2_controller__rosidl_typesupport_introspection_cpp.dir/rosidl_typesupport_introspection_cpp/a2_controller/srv/detail/set_safety_threshold__type_support.cpp.o[0m
[ 33%] [32mBuilding CXX object CMakeFiles/a2_controller__rosidl_typesupport_introspection_cpp.dir/rosidl_typesupport_introspection_cpp/a2_controller/msg/detail/obstacle_info__type_support.cpp.o[0m
[ 35%] [32mBuilding CXX object CMakeFiles/a2_controller__rosidl_typesupport_introspection_cpp.dir/rosidl_typesupport_introspection_cpp/a2_controller/srv/detail/get_velocity_stats__type_support.cpp.o[0m
[ 37%] [32mBuilding CXX object CMakeFiles/a2_controller__rosidl_typesupport_fastrtps_cpp.dir/rosidl_typesupport_fastrtps_cpp/a2_controller/srv/detail/dds_fastrtps/set_safety_threshold__type_support.cpp.o[0m
[ 39%] [32mBuilding CXX object CMakeFiles/a2_controller__rosidl_typesupport_fastrtps_cpp.dir/rosidl_typesupport_fastrtps_cpp/a2_controller/msg/detail/dds_fastrtps/obstacle_info__type_support.cpp.o[0m
[ 41%] [32mBuilding CXX object CMakeFiles/a2_controller__rosidl_typesupport_fastrtps_cpp.dir/rosidl_typesupport_fastrtps_cpp/a2_controller/srv/detail/dds_fastrtps/get_velocity_stats__type_support.cpp.o[0m
[ 43%] [32mBuilding CXX object CMakeFiles/a2_controller__rosidl_typesupport_c.dir/rosidl_typesupport_c/a2_controller/msg/obstacle_info__type_support.cpp.o[0m
[ 45%] [32mBuilding CXX object CMakeFiles/a2_controller__rosidl_typesupport_c.dir/rosidl_typesupport_c/a2_controller/srv/set_safety_threshold__type_support.cpp.o[0m
[ 47%] [32mBuilding CXX object CMakeFiles/a2_controller__rosidl_typesupport_c.dir/rosidl_typesupport_c/a2_controller/srv/get_velocity_stats__type_support.cpp.o[0m
[ 49%] [32m[1mLinking CXX shared library liba2_controller__rosidl_typesupport_c.so[0m
[ 50%] [32m[1mLinking CXX shared library liba2_controller__rosidl_typesupport_cpp.so[0m
[ 54%] [32mBuilding C object CMakeFiles/a2_controller__rosidl_typesupport_introspection_c.dir/rosidl_typesupport_introspection_c/a2_controller/srv/detail/set_safety_threshold__type_support.c.o[0m
[ 54%] [32mBuilding C object CMakeFiles/a2_controller__rosidl_typesupport_introspection_c.dir/rosidl_typesupport_introspection_c/a2_controller/srv/detail/get_velocity_stats__type_support.c.o[0m
[ 56%] [32mBuilding C object CMakeFiles/a2_controller__rosidl_typesupport_introspection_c.dir/rosidl_typesupport_introspection_c/a2_controller/msg/detail/obstacle_info__type_support.c.o[0m
[ 58%] [32mBuilding CXX object CMakeFiles/a2_controller__rosidl_typesupport_fastrtps_c.dir/rosidl_typesupport_fastrtps_c/a2_controller/msg/detail/obstacle_info__type_support_c.cpp.o[0m
[ 60%] [32mBuilding CXX object CMakeFiles/a2_controller__rosidl_typesupport_fastrtps_c.dir/rosidl_typesupport_fastrtps_c/a2_controller/srv/detail/set_safety_threshold__type_support_c.cpp.o[0m
[ 62%] [32mBuilding CXX object CMakeFiles/a2_controller__rosidl_typesupport_fastrtps_c.dir/rosidl_typesupport_fastrtps_c/a2_controller/srv/detail/get_velocity_stats__type_support_c.cpp.o[0m
[ 64%] [32m[1mLinking C shared library liba2_controller__rosidl_typesupport_introspection_c.so[0m
[ 64%] Built target a2_controller__rosidl_typesupport_c
[ 64%] Built target a2_controller__rosidl_typesupport_cpp
[ 64%] Built target a2_controller__rosidl_typesupport_introspection_c
[ 66%] [32m[1mLinking CXX shared library liba2_controller__rosidl_typesupport_introspection_cpp.so[0m
[ 68%] [32m[1mLinking CXX shared library liba2_controller__rosidl_typesupport_fastrtps_cpp.so[0m
[ 68%] Built target a2_controller__rosidl_typesupport_introspection_cpp
[ 68%] Built target a2_controller__rosidl_typesupport_fastrtps_cpp
[ 70%] [32m[1mLinking CXX shared library liba2_controller__rosidl_typesupport_fastrtps_c.so[0m
[ 70%] Built target a2_controller__rosidl_typesupport_fastrtps_c
[ 70%] Built target a2_controller
[ 76%] [32mBuilding CXX object CMakeFiles/control_node.dir/src/control_node.cpp.o[0m
[ 76%] [32mBuilding CXX object CMakeFiles/stat_node.dir/src/stat_node.cpp.o[0m
[ 76%] [34m[1mGenerating Python code for ROS interfaces[0m
[ 76%] Built target a2_controller__py
[ 80%] [32mBuilding C object CMakeFiles/a2_controller__rosidl_generator_py.dir/rosidl_generator_py/a2_controller/msg/_obstacle_info_s.c.o[0m
[ 80%] [32mBuilding C object CMakeFiles/a2_controller__rosidl_generator_py.dir/rosidl_generator_py/a2_controller/srv/_set_safety_threshold_s.c.o[0m
[ 82%] [32mBuilding C object CMakeFiles/a2_controller__rosidl_generator_py.dir/rosidl_generator_py/a2_controller/srv/_get_velocity_stats_s.c.o[0m
[ 84%] [32m[1mLinking C shared library rosidl_generator_py/a2_controller/liba2_controller__rosidl_generator_py.so[0m
[ 84%] Built target a2_controller__rosidl_generator_py
[ 86%] [32mBuilding C object CMakeFiles/a2_controller__rosidl_typesupport_c__pyext.dir/rosidl_generator_py/a2_controller/_a2_controller_s.ep.rosidl_typesupport_c.c.o[0m
[ 88%] [32mBuilding C object CMakeFiles/a2_controller__rosidl_typesupport_fastrtps_c__pyext.dir/rosidl_generator_py/a2_controller/_a2_controller_s.ep.rosidl_typesupport_fastrtps_c.c.o[0m
[ 90%] [32mBuilding C object CMakeFiles/a2_controller__rosidl_typesupport_introspection_c__pyext.dir/rosidl_generator_py/a2_controller/_a2_controller_s.ep.rosidl_typesupport_introspection_c.c.o[0m
[ 92%] [32m[1mLinking C shared library rosidl_generator_py/a2_controller/a2_controller_s__rosidl_typesupport_c.cpython-310-x86_64-linux-gnu.so[0m
[ 94%] [32m[1mLinking C shared library rosidl_generator_py/a2_controller/a2_controller_s__rosidl_typesupport_introspection_c.cpython-310-x86_64-linux-gnu.so[0m
[ 96%] [32m[1mLinking C shared library rosidl_generator_py/a2_controller/a2_controller_s__rosidl_typesupport_fastrtps_c.cpython-310-x86_64-linux-gnu.so[0m
[ 96%] Built target a2_controller__rosidl_typesupport_c__pyext
[ 96%] Built target a2_controller__rosidl_typesupport_introspection_c__pyext
[ 96%] Built target a2_controller__rosidl_typesupport_fastrtps_c__pyext
[ 98%] [32m[1mLinking CXX executable stat_node[0m
[ 98%] Built target stat_node
[100%] [32m[1mLinking CXX executable control_node[0m
[100%] Built target control_node
-- Install configuration: ""
-- Execute custom install script
-- Symlinking: /home/snape/2_track/src/a2_controller/install/a2_controller/share/ament_index/resource_index/rosidl_interfaces/a2_controller
-- Symlinking: /home/snape/2_track/src/a2_controller/install/a2_controller/include/a2_controller/a2_controller/msg/detail/obstacle_info__functions.h
-- Symlinking: /home/snape/2_track/src/a2_controller/install/a2_controller/include/a2_controller/a2_controller/msg/detail/obstacle_info__struct.h
-- Symlinking: /home/snape/2_track/src/a2_controller/install/a2_controller/include/a2_controller/a2_controller/msg/detail/obstacle_info__type_support.h
-- Symlinking: /home/snape/2_track/src/a2_controller/install/a2_controller/include/a2_controller/a2_controller/msg/obstacle_info.h
-- Symlinking: /home/snape/2_track/src/a2_controller/install/a2_controller/include/a2_controller/a2_controller/msg/rosidl_generator_c__visibility_control.h
-- Symlinking: /home/snape/2_track/src/a2_controller/install/a2_controller/include/a2_controller/a2_controller/srv/detail/get_velocity_stats__functions.h
-- Symlinking: /home/snape/2_track/src/a2_controller/install/a2_controller/include/a2_controller/a2_controller/srv/detail/get_velocity_stats__struct.h
-- Symlinking: /home/snape/2_track/src/a2_controller/install/a2_controller/include/a2_controller/a2_controller/srv/detail/get_velocity_stats__type_support.h
-- Symlinking: /home/snape/2_track/src/a2_controller/install/a2_controller/include/a2_controller/a2_controller/srv/detail/set_safety_threshold__functions.h
-- Symlinking: /home/snape/2_track/src/a2_controller/install/a2_controller/include/a2_controller/a2_controller/srv/detail/set_safety_threshold__struct.h
-- Symlinking: /home/snape/2_track/src/a2_controller/install/a2_controller/include/a2_controller/a2_controller/srv/detail/set_safety_threshold__type_support.h
-- Symlinking: /home/snape/2_track/src/a2_controller/install/a2_controller/include/a2_controller/a2_controller/srv/get_velocity_stats.h
-- Symlinking: /home/snape/2_track/src/a2_controller/install/a2_controller/include/a2_controller/a2_controller/srv/set_safety_threshold.h
-- Symlinking: /home/snape/2_track/src/a2_controller/install/a2_controller/share/a2_controller/environment/library_path.sh
-- Symlinking: /home/snape/2_track/src/a2_controller/install/a2_controller/share/a2_controller/environment/library_path.dsv
-- Symlinking: /home/snape/2_track/src/a2_controller/install/a2_controller/include/a2_controller/a2_controller/msg/detail/obstacle_info__rosidl_typesupport_fastrtps_c.h
-- Symlinking: /home/snape/2_track/src/a2_controller/install/a2_controller/include/a2_controller/a2_controller/msg/rosidl_typesupport_fastrtps_c__visibility_control.h
-- Symlinking: /home/snape/2_track/src/a2_controller/install/a2_controller/include/a2_controller/a2_controller/srv/detail/get_velocity_stats__rosidl_typesupport_fastrtps_c.h
-- Symlinking: /home/snape/2_track/src/a2_controller/install/a2_controller/include/a2_controller/a2_controller/srv/detail/set_safety_threshold__rosidl_typesupport_fastrtps_c.h
-- Symlinking: /home/snape/2_track/src/a2_controller/install/a2_controller/include/a2_controller/a2_controller/msg/detail/obstacle_info__builder.hpp
-- Symlinking: /home/snape/2_track/src/a2_controller/install/a2_controller/include/a2_controller/a2_controller/msg/detail/obstacle_info__struct.hpp
-- Symlinking: /home/snape/2_track/src/a2_controller/install/a2_controller/include/a2_controller/a2_controller/msg/detail/obstacle_info__traits.hpp
-- Symlinking: /home/snape/2_track/src/a2_controller/install/a2_controller/include/a2_controller/a2_controller/msg/detail/obstacle_info__type_support.hpp
-- Symlinking: /home/snape/2_track/src/a2_controller/install/a2_controller/include/a2_controller/a2_controller/msg/obstacle_info.hpp
-- Symlinking: /home/snape/2_track/src/a2_controller/install/a2_controller/include/a2_controller/a2_controller/msg/rosidl_generator_cpp__visibility_control.hpp
-- Symlinking: /home/snape/2_track/src/a2_controller/install/a2_controller/include/a2_controller/a2_controller/srv/detail/get_velocity_stats__builder.hpp
-- Symlinking: /home/snape/2_track/src/a2_controller/install/a2_controller/include/a2_controller/a2_controller/srv/detail/get_velocity_stats__struct.hpp
-- Symlinking: /home/snape/2_track/src/a2_controller/install/a2_controller/include/a2_controller/a2_controller/srv/detail/get_velocity_stats__traits.hpp
-- Symlinking: /home/snape/2_track/src/a2_controller/install/a2_controller/include/a2_controller/a2_controller/srv/detail/get_velocity_stats__type_support.hpp
-- Symlinking: /home/snape/2_track/src/a2_controller/install/a2_controller/include/a2_controller/a2_controller/srv/detail/set_safety_threshold__builder.hpp
-- Symlinking: /home/snape/2_track/src/a2_controller/install/a2_controller/include/a2_controller/a2_controller/srv/detail/set_safety_threshold__struct.hpp
-- Symlinking: /home/snape/2_track/src/a2_controller/install/a2_controller/include/a2_controller/a2_controller/srv/detail/set_safety_threshold__traits.hpp
-- Symlinking: /home/snape/2_track/src/a2_controller/install/a2_controller/include/a2_controller/a2_controller/srv/detail/set_safety_threshold__type_support.hpp
-- Symlinking: /home/snape/2_track/src/a2_controller/install/a2_controller/include/a2_controller/a2_controller/srv/get_velocity_stats.hpp
-- Symlinking: /home/snape/2_track/src/a2_controller/install/a2_controller/include/a2_controller/a2_controller/srv/set_safety_threshold.hpp
-- Symlinking: /home/snape/2_track/src/a2_controller/install/a2_controller/include/a2_controller/a2_controller/msg/detail/obstacle_info__rosidl_typesupport_fastrtps_cpp.hpp
-- Symlinking: /home/snape/2_track/src/a2_controller/install/a2_controller/include/a2_controller/a2_controller/msg/rosidl_typesupport_fastrtps_cpp__visibility_control.h
-- Symlinking: /home/snape/2_track/src/a2_controller/install/a2_controller/include/a2_controller/a2_controller/srv/detail/get_velocity_stats__rosidl_typesupport_fastrtps_cpp.hpp
-- Symlinking: /home/snape/2_track/src/a2_controller/install/a2_controller/include/a2_controller/a2_controller/srv/detail/set_safety_threshold__rosidl_typesupport_fastrtps_cpp.hpp
-- Symlinking: /home/snape/2_track/src/a2_controller/install/a2_controller/include/a2_controller/a2_controller/msg/detail/obstacle_info__rosidl_typesupport_introspection_c.h
-- Symlinking: /home/snape/2_track/src/a2_controller/install/a2_controller/include/a2_controller/a2_controller/msg/rosidl_typesupport_introspection_c__visibility_control.h
-- Symlinking: /home/snape/2_track/src/a2_controller/install/a2_controller/include/a2_controller/a2_controller/srv/detail/get_velocity_stats__rosidl_typesupport_introspection_c.h
-- Symlinking: /home/snape/2_track/src/a2_controller/install/a2_controller/include/a2_controller/a2_controller/srv/detail/set_safety_threshold__rosidl_typesupport_introspection_c.h
-- Symlinking: /home/snape/2_track/src/a2_controller/install/a2_controller/include/a2_controller/a2_controller/msg/detail/obstacle_info__rosidl_typesupport_introspection_cpp.hpp
-- Symlinking: /home/snape/2_track/src/a2_controller/install/a2_controller/include/a2_controller/a2_controller/srv/detail/get_velocity_stats__rosidl_typesupport_introspection_cpp.hpp
-- Symlinking: /home/snape/2_track/src/a2_controller/install/a2_controller/include/a2_controller/a2_controller/srv/detail/set_safety_threshold__rosidl_typesupport_introspection_cpp.hpp
-- Symlinking: /home/snape/2_track/src/a2_controller/install/a2_controller/share/a2_controller/environment/pythonpath.sh
-- Symlinking: /home/snape/2_track/src/a2_controller/install/a2_controller/share/a2_controller/environment/pythonpath.dsv
-- Symlinking: /home/snape/2_track/src/a2_controller/install/a2_controller/local/lib/python3.10/dist-packages/a2_controller-0.0.0-py3.10.egg-info/PKG-INFO
-- Symlinking: /home/snape/2_track/src/a2_controller/install/a2_controller/local/lib/python3.10/dist-packages/a2_controller-0.0.0-py3.10.egg-info/SOURCES.txt
-- Symlinking: /home/snape/2_track/src/a2_controller/install/a2_controller/local/lib/python3.10/dist-packages/a2_controller-0.0.0-py3.10.egg-info/dependency_links.txt
-- Symlinking: /home/snape/2_track/src/a2_controller/install/a2_controller/local/lib/python3.10/dist-packages/a2_controller-0.0.0-py3.10.egg-info/top_level.txt
-- Symlinking: /home/snape/2_track/src/a2_controller/install/a2_controller/local/lib/python3.10/dist-packages/a2_controller/__init__.py
-- Symlinking: /home/snape/2_track/src/a2_controller/install/a2_controller/local/lib/python3.10/dist-packages/a2_controller/_a2_controller_s.ep.rosidl_typesupport_c.c
-- Symlinking: /home/snape/2_track/src/a2_controller/install/a2_controller/local/lib/python3.10/dist-packages/a2_controller/_a2_controller_s.ep.rosidl_typesupport_fastrtps_c.c
-- Symlinking: /home/snape/2_track/src/a2_controller/install/a2_controller/local/lib/python3.10/dist-packages/a2_controller/_a2_controller_s.ep.rosidl_typesupport_introspection_c.c
-- Symlinking: /home/snape/2_track/src/a2_controller/install/a2_controller/local/lib/python3.10/dist-packages/a2_controller/a2_controller_s__rosidl_typesupport_c.cpython-310-x86_64-linux-gnu.so
-- Symlinking: /home/snape/2_track/src/a2_controller/install/a2_controller/local/lib/python3.10/dist-packages/a2_controller/a2_controller_s__rosidl_typesupport_fastrtps_c.cpython-310-x86_64-linux-gnu.so
-- Symlinking: /home/snape/2_track/src/a2_controller/install/a2_controller/local/lib/python3.10/dist-packages/a2_controller/a2_controller_s__rosidl_typesupport_introspection_c.cpython-310-x86_64-linux-gnu.so
-- Symlinking: /home/snape/2_track/src/a2_controller/install/a2_controller/local/lib/python3.10/dist-packages/a2_controller/liba2_controller__rosidl_generator_py.so
-- Symlinking: /home/snape/2_track/src/a2_controller/install/a2_controller/local/lib/python3.10/dist-packages/a2_controller/msg/__init__.py
-- Symlinking: /home/snape/2_track/src/a2_controller/install/a2_controller/local/lib/python3.10/dist-packages/a2_controller/msg/_obstacle_info.py
-- Symlinking: /home/snape/2_track/src/a2_controller/install/a2_controller/local/lib/python3.10/dist-packages/a2_controller/msg/_obstacle_info_s.c
-- Symlinking: /home/snape/2_track/src/a2_controller/install/a2_controller/local/lib/python3.10/dist-packages/a2_controller/srv/__init__.py
-- Symlinking: /home/snape/2_track/src/a2_controller/install/a2_controller/local/lib/python3.10/dist-packages/a2_controller/srv/_get_velocity_stats.py
-- Symlinking: /home/snape/2_track/src/a2_controller/install/a2_controller/local/lib/python3.10/dist-packages/a2_controller/srv/_get_velocity_stats_s.c
-- Symlinking: /home/snape/2_track/src/a2_controller/install/a2_controller/local/lib/python3.10/dist-packages/a2_controller/srv/_set_safety_threshold.py
-- Symlinking: /home/snape/2_track/src/a2_controller/install/a2_controller/local/lib/python3.10/dist-packages/a2_controller/srv/_set_safety_threshold_s.c
-- Up-to-date symlink: /home/snape/2_track/src/a2_controller/install/a2_controller/local/lib/python3.10/dist-packages/a2_controller/a2_controller_s__rosidl_typesupport_fastrtps_c.cpython-310-x86_64-linux-gnu.so
-- Up-to-date symlink: /home/snape/2_track/src/a2_controller/install/a2_controller/local/lib/python3.10/dist-packages/a2_controller/a2_controller_s__rosidl_typesupport_introspection_c.cpython-310-x86_64-linux-gnu.so
-- Up-to-date symlink: /home/snape/2_track/src/a2_controller/install/a2_controller/local/lib/python3.10/dist-packages/a2_controller/a2_controller_s__rosidl_typesupport_c.cpython-310-x86_64-linux-gnu.so
-- Symlinking: /home/snape/2_track/src/a2_controller/install/a2_controller/share/a2_controller/msg/ObstacleInfo.idl
-- Symlinking: /home/snape/2_track/src/a2_controller/install/a2_controller/share/a2_controller/srv/SetSafetyThreshold.idl
-- Symlinking: /home/snape/2_track/src/a2_controller/install/a2_controller/share/a2_controller/srv/GetVelocityStats.idl
-- Symlinking: /home/snape/2_track/src/a2_controller/install/a2_controller/share/a2_controller/msg/ObstacleInfo.msg
-- Symlinking: /home/snape/2_track/src/a2_controller/install/a2_controller/share/a2_controller/srv/SetSafetyThreshold.srv
-- Symlinking: /home/snape/2_track/src/a2_controller/install/a2_controller/share/a2_controller/srv/SetSafetyThreshold_Request.msg
-- Symlinking: /home/snape/2_track/src/a2_controller/install/a2_controller/share/a2_controller/srv/SetSafetyThreshold_Response.msg
-- Symlinking: /home/snape/2_track/src/a2_controller/install/a2_controller/share/a2_controller/srv/GetVelocityStats.srv
-- Symlinking: /home/snape/2_track/src/a2_controller/install/a2_controller/share/a2_controller/srv/GetVelocityStats_Request.msg
-- Symlinking: /home/snape/2_track/src/a2_controller/install/a2_controller/share/a2_controller/srv/GetVelocityStats_Response.msg
-- Symlinking: /home/snape/2_track/src/a2_controller/install/a2_controller/lib/a2_controller/control_node
-- Symlinking: /home/snape/2_track/src/a2_controller/install/a2_controller/lib/a2_controller/stat_node
-- Symlinking: /home/snape/2_track/src/a2_controller/install/a2_controller/share/ament_index/resource_index/package_run_dependencies/a2_controller
-- Symlinking: /home/snape/2_track/src/a2_controller/install/a2_controller/share/ament_index/resource_index/parent_prefix_path/a2_controller
-- Symlinking: /home/snape/2_track/src/a2_controller/install/a2_controller/share/a2_controller/environment/ament_prefix_path.sh
-- Symlinking: /home/snape/2_track/src/a2_controller/install/a2_controller/share/a2_controller/environment/ament_prefix_path.dsv
-- Symlinking: /home/snape/2_track/src/a2_controller/install/a2_controller/share/a2_controller/environment/path.sh
-- Symlinking: /home/snape/2_track/src/a2_controller/install/a2_controller/share/a2_controller/environment/path.dsv
-- Symlinking: /home/snape/2_track/src/a2_controller/install/a2_controller/share/a2_controller/local_setup.bash
-- Symlinking: /home/snape/2_track/src/a2_controller/install/a2_controller/share/a2_controller/local_setup.sh
-- Symlinking: /home/snape/2_track/src/a2_controller/install/a2_controller/share/a2_controller/local_setup.zsh
-- Symlinking: /home/snape/2_track/src/a2_controller/install/a2_controller/share/a2_controller/local_setup.dsv
-- Symlinking: /home/snape/2_track/src/a2_controller/install/a2_controller/share/a2_controller/package.dsv
-- Symlinking: /home/snape/2_track/src/a2_controller/install/a2_controller/share/ament_index/resource_index/packages/a2_controller
-- Symlinking: /home/snape/2_track/src/a2_controller/install/a2_controller/share/a2_controller/cmake/rosidl_cmake-extras.cmake
-- Symlinking: /home/snape/2_track/src/a2_controller/install/a2_controller/share/a2_controller/cmake/ament_cmake_export_dependencies-extras.cmake
-- Symlinking: /home/snape/2_track/src/a2_controller/install/a2_controller/share/a2_controller/cmake/ament_cmake_export_include_directories-extras.cmake
-- Symlinking: /home/snape/2_track/src/a2_controller/install/a2_controller/share/a2_controller/cmake/ament_cmake_export_libraries-extras.cmake
-- Symlinking: /home/snape/2_track/src/a2_controller/install/a2_controller/share/a2_controller/cmake/ament_cmake_export_targets-extras.cmake
-- Symlinking: /home/snape/2_track/src/a2_controller/install/a2_controller/share/a2_controller/cmake/rosidl_cmake_export_typesupport_targets-extras.cmake
-- Symlinking: /home/snape/2_track/src/a2_controller/install/a2_controller/share/a2_controller/cmake/rosidl_cmake_export_typesupport_libraries-extras.cmake
-- Symlinking: /home/snape/2_track/src/a2_controller/install/a2_controller/share/a2_controller/cmake/a2_controllerConfig.cmake
-- Symlinking: /home/snape/2_track/src/a2_controller/install/a2_controller/share/a2_controller/cmake/a2_controllerConfig-version.cmake
-- Symlinking: /home/snape/2_track/src/a2_controller/install/a2_controller/share/a2_controller/package.xml
-- Installing: /home/snape/2_track/src/a2_controller/install/a2_controller/lib/liba2_controller__rosidl_generator_c.so
-- Set runtime path of "/home/snape/2_track/src/a2_controller/install/a2_controller/lib/liba2_controller__rosidl_generator_c.so" to ""
-- Installing: /home/snape/2_track/src/a2_controller/install/a2_controller/lib/liba2_controller__rosidl_typesupport_fastrtps_c.so
-- Set runtime path of "/home/snape/2_track/src/a2_controller/install/a2_controller/lib/liba2_controller__rosidl_typesupport_fastrtps_c.so" to ""
-- Installing: /home/snape/2_track/src/a2_controller/install/a2_controller/lib/liba2_controller__rosidl_typesupport_fastrtps_cpp.so
-- Set runtime path of "/home/snape/2_track/src/a2_controller/install/a2_controller/lib/liba2_controller__rosidl_typesupport_fastrtps_cpp.so" to ""
-- Installing: /home/snape/2_track/src/a2_controller/install/a2_controller/lib/liba2_controller__rosidl_typesupport_introspection_c.so
-- Set runtime path of "/home/snape/2_track/src/a2_controller/install/a2_controller/lib/liba2_controller__rosidl_typesupport_introspection_c.so" to ""
-- Installing: /home/snape/2_track/src/a2_controller/install/a2_controller/lib/liba2_controller__rosidl_typesupport_c.so
-- Set runtime path of "/home/snape/2_track/src/a2_controller/install/a2_controller/lib/liba2_controller__rosidl_typesupport_c.so" to ""
-- Installing: /home/snape/2_track/src/a2_controller/install/a2_controller/lib/liba2_controller__rosidl_typesupport_introspection_cpp.so
-- Set runtime path of "/home/snape/2_track/src/a2_controller/install/a2_controller/lib/liba2_controller__rosidl_typesupport_introspection_cpp.so" to ""
-- Installing: /home/snape/2_track/src/a2_controller/install/a2_controller/lib/liba2_controller__rosidl_typesupport_cpp.so
-- Set runtime path of "/home/snape/2_track/src/a2_controller/install/a2_controller/lib/liba2_controller__rosidl_typesupport_cpp.so" to ""
Listing '/home/snape/2_track/src/a2_controller/install/a2_controller/local/lib/python3.10/dist-packages/a2_controller'...
Compiling '/home/snape/2_track/src/a2_controller/install/a2_controller/local/lib/python3.10/dist-packages/a2_controller/__init__.py'...
Listing '/home/snape/2_track/src/a2_controller/install/a2_controller/local/lib/python3.10/dist-packages/a2_controller/msg'...
Compiling '/home/snape/2_track/src/a2_controller/install/a2_controller/local/lib/python3.10/dist-packages/a2_controller/msg/__init__.py'...
Compiling '/home/snape/2_track/src/a2_controller/install/a2_controller/local/lib/python3.10/dist-packages/a2_controller/msg/_obstacle_info.py'...
Listing '/home/snape/2_track/src/a2_controller/install/a2_controller/local/lib/python3.10/dist-packages/a2_controller/srv'...
Compiling '/home/snape/2_track/src/a2_controller/install/a2_controller/local/lib/python3.10/dist-packages/a2_controller/srv/__init__.py'...
Compiling '/home/snape/2_track/src/a2_controller/install/a2_controller/local/lib/python3.10/dist-packages/a2_controller/srv/_get_velocity_stats.py'...
Compiling '/home/snape/2_track/src/a2_controller/install/a2_controller/local/lib/python3.10/dist-packages/a2_controller/srv/_set_safety_threshold.py'...
-- Installing: /home/snape/2_track/src/a2_controller/install/a2_controller/lib/liba2_controller__rosidl_generator_py.so
-- Set runtime path of "/home/snape/2_track/src/a2_controller/install/a2_controller/lib/liba2_controller__rosidl_generator_py.so" to ""
-- Installing: /home/snape/2_track/src/a2_controller/install/a2_controller/share/a2_controller//launch
-- Installing: /home/snape/2_track/src/a2_controller/install/a2_controller/share/a2_controller//launch/controller.launch.py
-- Installing: /home/snape/2_track/src/a2_controller/install/a2_controller/share/a2_controller/cmake/export_a2_controller__rosidl_generator_cExport.cmake
-- Installing: /home/snape/2_track/src/a2_controller/install/a2_controller/share/a2_controller/cmake/export_a2_controller__rosidl_generator_cExport-noconfig.cmake
-- Installing: /home/snape/2_track/src/a2_controller/install/a2_controller/share/a2_controller/cmake/export_a2_controller__rosidl_typesupport_fastrtps_cExport.cmake
-- Installing: /home/snape/2_track/src/a2_controller/install/a2_controller/share/a2_controller/cmake/export_a2_controller__rosidl_typesupport_fastrtps_cExport-noconfig.cmake
-- Installing: /home/snape/2_track/src/a2_controller/install/a2_controller/share/a2_controller/cmake/export_a2_controller__rosidl_generator_cppExport.cmake
-- Installing: /home/snape/2_track/src/a2_controller/install/a2_controller/share/a2_controller/cmake/export_a2_controller__rosidl_typesupport_fastrtps_cppExport.cmake
-- Installing: /home/snape/2_track/src/a2_controller/install/a2_controller/share/a2_controller/cmake/export_a2_controller__rosidl_typesupport_fastrtps_cppExport-noconfig.cmake
-- Installing: /home/snape/2_track/src/a2_controller/install/a2_controller/share/a2_controller/cmake/a2_controller__rosidl_typesupport_introspection_cExport.cmake
-- Installing: /home/snape/2_track/src/a2_controller/install/a2_controller/share/a2_controller/cmake/a2_controller__rosidl_typesupport_introspection_cExport-noconfig.cmake
-- Installing: /home/snape/2_track/src/a2_controller/install/a2_controller/share/a2_controller/cmake/a2_controller__rosidl_typesupport_cExport.cmake
-- Installing: /home/snape/2_track/src/a2_controller/install/a2_controller/share/a2_controller/cmake/a2_controller__rosidl_typesupport_cExport-noconfig.cmake
-- Installing: /home/snape/2_track/src/a2_controller/install/a2_controller/share/a2_controller/cmake/a2_controller__rosidl_typesupport_introspection_cppExport.cmake
-- Installing: /home/snape/2_track/src/a2_controller/install/a2_controller/share/a2_controller/cmake/a2_controller__rosidl_typesupport_introspection_cppExport-noconfig.cmake
-- Installing: /home/snape/2_track/src/a2_controller/install/a2_controller/share/a2_controller/cmake/a2_controller__rosidl_typesupport_cppExport.cmake
-- Installing: /home/snape/2_track/src/a2_controller/install/a2_controller/share/a2_controller/cmake/a2_controller__rosidl_typesupport_cppExport-noconfig.cmake
-- Installing: /home/snape/2_track/src/a2_controller/install/a2_controller/share/a2_controller/cmake/export_a2_controller__rosidl_generator_pyExport.cmake
-- Installing: /home/snape/2_track/src/a2_controller/install/a2_controller/share/a2_controller/cmake/export_a2_controller__rosidl_generator_pyExport-noconfig.cmake
