[0.008s] Invoking command in '/home/snape/2_track/src/a2_controller/build/a2_controller': CMAKE_PREFIX_PATH=${CMAKE_PREFIX_PATH}:/opt/ros/humble /usr/bin/cmake /home/snape/2_track/src/a2_controller -DAMENT_CMAKE_SYMLINK_INSTALL=1 -DCMAKE_INSTALL_PREFIX=/home/snape/2_track/src/a2_controller/install/a2_controller
[0.278s] -- The C compiler identification is GNU 11.4.0
[1.193s] -- The CXX compiler identification is GNU 11.4.0
[1.898s] -- Detecting C compiler ABI info
[2.147s] -- Detecting C compiler ABI info - done
[2.152s] -- Check for working C compiler: /usr/bin/cc - skipped
[2.155s] -- Detecting C compile features
[2.155s] -- Detecting C compile features - done
[2.158s] -- Detecting CXX compiler ABI info
[2.404s] -- Detecting CXX compiler ABI info - done
[2.408s] -- Check for working CXX compiler: /usr/bin/c++ - skipped
[2.409s] -- Detecting CXX compile features
[2.409s] -- Detecting CXX compile features - done
[2.415s] -- Found ament_cmake: 1.3.12 (/opt/ros/humble/share/ament_cmake/cmake)
[2.515s] -- Found Python3: /usr/bin/python3 (found version "3.10.12") found components: Interpreter 
[2.557s] -- Override CMake install command with custom implementation using symlinks instead of copying resources
[2.582s] -- Found rclcpp: 16.0.16 (/opt/ros/humble/share/rclcpp/cmake)
[2.917s] -- Found rosidl_generator_c: 3.1.7 (/opt/ros/humble/share/rosidl_generator_c/cmake)
[2.921s] -- Found rosidl_adapter: 3.1.7 (/opt/ros/humble/share/rosidl_adapter/cmake)
[2.927s] -- Found rosidl_generator_cpp: 3.1.7 (/opt/ros/humble/share/rosidl_generator_cpp/cmake)
[2.936s] -- Using all available rosidl_typesupport_c: rosidl_typesupport_fastrtps_c;rosidl_typesupport_introspection_c
[2.948s] -- Using all available rosidl_typesupport_cpp: rosidl_typesupport_fastrtps_cpp;rosidl_typesupport_introspection_cpp
[2.978s] -- Found rmw_implementation_cmake: 6.1.2 (/opt/ros/humble/share/rmw_implementation_cmake/cmake)
[2.979s] -- Found rmw_fastrtps_cpp: 6.2.9 (/opt/ros/humble/share/rmw_fastrtps_cpp/cmake)
[5.149s] -- Found OpenSSL: /usr/lib/x86_64-linux-gnu/libcrypto.so (found version "3.0.2")  
[7.254s] -- Found FastRTPS: /opt/ros/humble/include  
[10.859s] -- Using RMW implementation 'rmw_fastrtps_cpp' as default
[10.867s] -- Looking for pthread.h
[11.025s] -- Looking for pthread.h - found
[11.026s] -- Performing Test CMAKE_HAVE_LIBC_PTHREAD
[11.224s] -- Performing Test CMAKE_HAVE_LIBC_PTHREAD - Success
[11.225s] -- Found Threads: TRUE  
[11.260s] -- Found geometry_msgs: 4.9.0 (/opt/ros/humble/share/geometry_msgs/cmake)
[11.269s] -- Found sensor_msgs: 4.9.0 (/opt/ros/humble/share/sensor_msgs/cmake)
[11.281s] -- Found rosidl_default_generators: 1.2.0 (/opt/ros/humble/share/rosidl_default_generators/cmake)
[11.485s] -- Found ament_cmake_ros: 0.10.0 (/opt/ros/humble/share/ament_cmake_ros/cmake)
[11.758s] -- Using all available rosidl_typesupport_c: rosidl_typesupport_fastrtps_c;rosidl_typesupport_introspection_c
[11.864s] -- Using all available rosidl_typesupport_cpp: rosidl_typesupport_fastrtps_cpp;rosidl_typesupport_introspection_cpp
[12.003s] -- Found PythonInterp: /usr/bin/python3 (found suitable version "3.10.12", minimum required is "3.6") 
[12.006s] -- Found python_cmake_module: 0.10.0 (/opt/ros/humble/share/python_cmake_module/cmake)
[12.453s] -- Found PythonLibs: /usr/lib/x86_64-linux-gnu/libpython3.10.so (found suitable version "3.10.12", minimum required is "3.5") 
[12.453s] -- Using PYTHON_EXECUTABLE: /usr/bin/python3
[12.453s] -- Using PYTHON_INCLUDE_DIRS: /usr/include/python3.10
[12.453s] -- Using PYTHON_LIBRARIES: /usr/lib/x86_64-linux-gnu/libpython3.10.so
[12.470s] -- Found PythonExtra: .so  
[12.581s] [0mCMake Deprecation Warning at /opt/ros/humble/share/rosidl_cmake/cmake/rosidl_target_interfaces.cmake:32 (message):
[12.581s]   Use rosidl_get_typesupport_target() and target_link_libraries() instead of
[12.581s]   rosidl_target_interfaces()
[12.581s] Call Stack (most recent call first):
[12.581s]   CMakeLists.txt:28 (rosidl_target_interfaces)
[12.582s] 
[12.582s] [0m
[12.582s] [0mCMake Deprecation Warning at /opt/ros/humble/share/rosidl_cmake/cmake/rosidl_target_interfaces.cmake:32 (message):
[12.582s]   Use rosidl_get_typesupport_target() and target_link_libraries() instead of
[12.582s]   rosidl_target_interfaces()
[12.582s] Call Stack (most recent call first):
[12.582s]   CMakeLists.txt:33 (rosidl_target_interfaces)
[12.582s] 
[12.582s] [0m
[12.589s] -- Configuring done
[12.632s] -- Generating done
[12.644s] -- Build files have been written to: /home/snape/2_track/src/a2_controller/build/a2_controller
[12.655s] Invoked command in '/home/snape/2_track/src/a2_controller/build/a2_controller' returned '0': CMAKE_PREFIX_PATH=${CMAKE_PREFIX_PATH}:/opt/ros/humble /usr/bin/cmake /home/snape/2_track/src/a2_controller -DAMENT_CMAKE_SYMLINK_INSTALL=1 -DCMAKE_INSTALL_PREFIX=/home/snape/2_track/src/a2_controller/install/a2_controller
[12.657s] Invoking command in '/home/snape/2_track/src/a2_controller/build/a2_controller': CMAKE_PREFIX_PATH=${CMAKE_PREFIX_PATH}:/opt/ros/humble /usr/bin/cmake --build /home/snape/2_track/src/a2_controller/build/a2_controller -- -j16 -l16
[12.689s] [  1%] [34m[1mGenerating C code for ROS interfaces[0m
[12.697s] [  3%] [34m[1mGenerating C++ code for ROS interfaces[0m
[12.704s] [  3%] Built target ament_cmake_python_symlink_a2_controller
[12.914s] running egg_info
[12.914s] creating a2_controller.egg-info
[12.915s] writing a2_controller.egg-info/PKG-INFO
[12.915s] writing dependency_links to a2_controller.egg-info/dependency_links.txt
[12.915s] writing top-level names to a2_controller.egg-info/top_level.txt
[12.915s] writing manifest file 'a2_controller.egg-info/SOURCES.txt'
[12.919s] reading manifest file 'a2_controller.egg-info/SOURCES.txt'
[12.919s] writing manifest file 'a2_controller.egg-info/SOURCES.txt'
[12.942s] [  3%] Built target ament_cmake_python_build_a2_controller_egg
[13.018s] [  3%] Built target a2_controller__cpp
[13.020s] [  5%] [32mBuilding C object CMakeFiles/a2_controller__rosidl_generator_c.dir/rosidl_generator_c/a2_controller/msg/detail/obstacle_info__functions.c.o[0m
[13.020s] [  7%] [32mBuilding C object CMakeFiles/a2_controller__rosidl_generator_c.dir/rosidl_generator_c/a2_controller/srv/detail/set_safety_threshold__functions.c.o[0m
[13.020s] [  9%] [32mBuilding C object CMakeFiles/a2_controller__rosidl_generator_c.dir/rosidl_generator_c/a2_controller/srv/detail/get_velocity_stats__functions.c.o[0m
[13.027s] [ 11%] [34m[1mGenerating C++ introspection for ROS interfaces[0m
[13.027s] [ 13%] [34m[1mGenerating C++ type support dispatch for ROS interfaces[0m
[13.028s] [ 15%] [34m[1mGenerating C++ type support for eProsima Fast-RTPS[0m
[13.091s] [ 17%] [32m[1mLinking C shared library liba2_controller__rosidl_generator_c.so[0m
[13.213s] [ 17%] Built target a2_controller__rosidl_generator_c
[13.222s] [ 23%] [34m[1mGenerating C type support dispatch for ROS interfaces[0m
[13.222s] [ 23%] [34m[1mGenerating C type support for eProsima Fast-RTPS[0m
[13.222s] [ 23%] [34m[1mGenerating C introspection for ROS interfaces[0m
[13.273s] [ 27%] [32mBuilding CXX object CMakeFiles/a2_controller__rosidl_typesupport_cpp.dir/rosidl_typesupport_cpp/a2_controller/srv/set_safety_threshold__type_support.cpp.o[0m
[13.273s] [ 27%] [32mBuilding CXX object CMakeFiles/a2_controller__rosidl_typesupport_cpp.dir/rosidl_typesupport_cpp/a2_controller/msg/obstacle_info__type_support.cpp.o[0m
[13.274s] [ 29%] [32mBuilding CXX object CMakeFiles/a2_controller__rosidl_typesupport_cpp.dir/rosidl_typesupport_cpp/a2_controller/srv/get_velocity_stats__type_support.cpp.o[0m
[13.305s] [ 33%] [32mBuilding CXX object CMakeFiles/a2_controller__rosidl_typesupport_introspection_cpp.dir/rosidl_typesupport_introspection_cpp/a2_controller/srv/detail/set_safety_threshold__type_support.cpp.o[0m
[13.306s] [ 33%] [32mBuilding CXX object CMakeFiles/a2_controller__rosidl_typesupport_introspection_cpp.dir/rosidl_typesupport_introspection_cpp/a2_controller/msg/detail/obstacle_info__type_support.cpp.o[0m
[13.307s] [ 35%] [32mBuilding CXX object CMakeFiles/a2_controller__rosidl_typesupport_introspection_cpp.dir/rosidl_typesupport_introspection_cpp/a2_controller/srv/detail/get_velocity_stats__type_support.cpp.o[0m
[13.352s] [ 37%] [32mBuilding CXX object CMakeFiles/a2_controller__rosidl_typesupport_fastrtps_cpp.dir/rosidl_typesupport_fastrtps_cpp/a2_controller/srv/detail/dds_fastrtps/set_safety_threshold__type_support.cpp.o[0m
[13.352s] [ 39%] [32mBuilding CXX object CMakeFiles/a2_controller__rosidl_typesupport_fastrtps_cpp.dir/rosidl_typesupport_fastrtps_cpp/a2_controller/msg/detail/dds_fastrtps/obstacle_info__type_support.cpp.o[0m
[13.352s] [ 41%] [32mBuilding CXX object CMakeFiles/a2_controller__rosidl_typesupport_fastrtps_cpp.dir/rosidl_typesupport_fastrtps_cpp/a2_controller/srv/detail/dds_fastrtps/get_velocity_stats__type_support.cpp.o[0m
[13.570s] [ 43%] [32mBuilding CXX object CMakeFiles/a2_controller__rosidl_typesupport_c.dir/rosidl_typesupport_c/a2_controller/msg/obstacle_info__type_support.cpp.o[0m
[13.570s] [ 45%] [32mBuilding CXX object CMakeFiles/a2_controller__rosidl_typesupport_c.dir/rosidl_typesupport_c/a2_controller/srv/set_safety_threshold__type_support.cpp.o[0m
[13.573s] [ 47%] [32mBuilding CXX object CMakeFiles/a2_controller__rosidl_typesupport_c.dir/rosidl_typesupport_c/a2_controller/srv/get_velocity_stats__type_support.cpp.o[0m
[13.662s] [ 49%] [32m[1mLinking CXX shared library liba2_controller__rosidl_typesupport_c.so[0m
[13.678s] [ 50%] [32m[1mLinking CXX shared library liba2_controller__rosidl_typesupport_cpp.so[0m
[13.696s] [ 54%] [32mBuilding C object CMakeFiles/a2_controller__rosidl_typesupport_introspection_c.dir/rosidl_typesupport_introspection_c/a2_controller/srv/detail/set_safety_threshold__type_support.c.o[0m
[13.696s] [ 54%] [32mBuilding C object CMakeFiles/a2_controller__rosidl_typesupport_introspection_c.dir/rosidl_typesupport_introspection_c/a2_controller/srv/detail/get_velocity_stats__type_support.c.o[0m
[13.697s] [ 56%] [32mBuilding C object CMakeFiles/a2_controller__rosidl_typesupport_introspection_c.dir/rosidl_typesupport_introspection_c/a2_controller/msg/detail/obstacle_info__type_support.c.o[0m
[13.722s] [ 58%] [32mBuilding CXX object CMakeFiles/a2_controller__rosidl_typesupport_fastrtps_c.dir/rosidl_typesupport_fastrtps_c/a2_controller/msg/detail/obstacle_info__type_support_c.cpp.o[0m
[13.723s] [ 60%] [32mBuilding CXX object CMakeFiles/a2_controller__rosidl_typesupport_fastrtps_c.dir/rosidl_typesupport_fastrtps_c/a2_controller/srv/detail/set_safety_threshold__type_support_c.cpp.o[0m
[13.724s] [ 62%] [32mBuilding CXX object CMakeFiles/a2_controller__rosidl_typesupport_fastrtps_c.dir/rosidl_typesupport_fastrtps_c/a2_controller/srv/detail/get_velocity_stats__type_support_c.cpp.o[0m
[13.753s] [ 64%] [32m[1mLinking C shared library liba2_controller__rosidl_typesupport_introspection_c.so[0m
[13.784s] [ 64%] Built target a2_controller__rosidl_typesupport_c
[13.792s] [ 64%] Built target a2_controller__rosidl_typesupport_cpp
[13.847s] [ 64%] Built target a2_controller__rosidl_typesupport_introspection_c
[13.875s] [ 66%] [32m[1mLinking CXX shared library liba2_controller__rosidl_typesupport_introspection_cpp.so[0m
[13.955s] [ 68%] [32m[1mLinking CXX shared library liba2_controller__rosidl_typesupport_fastrtps_cpp.so[0m
[13.986s] [ 68%] Built target a2_controller__rosidl_typesupport_introspection_cpp
[14.061s] [ 68%] Built target a2_controller__rosidl_typesupport_fastrtps_cpp
[14.084s] [ 70%] [32m[1mLinking CXX shared library liba2_controller__rosidl_typesupport_fastrtps_c.so[0m
[14.253s] [ 70%] Built target a2_controller__rosidl_typesupport_fastrtps_c
[14.276s] [ 70%] Built target a2_controller
[14.301s] [ 76%] [32mBuilding CXX object CMakeFiles/control_node.dir/src/control_node.cpp.o[0m
[14.301s] [ 76%] [32mBuilding CXX object CMakeFiles/stat_node.dir/src/stat_node.cpp.o[0m
[14.301s] [ 76%] [34m[1mGenerating Python code for ROS interfaces[0m
[14.774s] [ 76%] Built target a2_controller__py
[14.790s] [ 80%] [32mBuilding C object CMakeFiles/a2_controller__rosidl_generator_py.dir/rosidl_generator_py/a2_controller/msg/_obstacle_info_s.c.o[0m
[14.790s] [ 80%] [32mBuilding C object CMakeFiles/a2_controller__rosidl_generator_py.dir/rosidl_generator_py/a2_controller/srv/_set_safety_threshold_s.c.o[0m
[14.790s] [ 82%] [32mBuilding C object CMakeFiles/a2_controller__rosidl_generator_py.dir/rosidl_generator_py/a2_controller/srv/_get_velocity_stats_s.c.o[0m
[14.931s] [ 84%] [32m[1mLinking C shared library rosidl_generator_py/a2_controller/liba2_controller__rosidl_generator_py.so[0m
[15.057s] [ 84%] Built target a2_controller__rosidl_generator_py
[15.076s] [ 86%] [32mBuilding C object CMakeFiles/a2_controller__rosidl_typesupport_c__pyext.dir/rosidl_generator_py/a2_controller/_a2_controller_s.ep.rosidl_typesupport_c.c.o[0m
[15.078s] [ 88%] [32mBuilding C object CMakeFiles/a2_controller__rosidl_typesupport_fastrtps_c__pyext.dir/rosidl_generator_py/a2_controller/_a2_controller_s.ep.rosidl_typesupport_fastrtps_c.c.o[0m
[15.080s] [ 90%] [32mBuilding C object CMakeFiles/a2_controller__rosidl_typesupport_introspection_c__pyext.dir/rosidl_generator_py/a2_controller/_a2_controller_s.ep.rosidl_typesupport_introspection_c.c.o[0m
[15.161s] [ 92%] [32m[1mLinking C shared library rosidl_generator_py/a2_controller/a2_controller_s__rosidl_typesupport_c.cpython-310-x86_64-linux-gnu.so[0m
[15.199s] [ 94%] [32m[1mLinking C shared library rosidl_generator_py/a2_controller/a2_controller_s__rosidl_typesupport_introspection_c.cpython-310-x86_64-linux-gnu.so[0m
[15.199s] [ 96%] [32m[1mLinking C shared library rosidl_generator_py/a2_controller/a2_controller_s__rosidl_typesupport_fastrtps_c.cpython-310-x86_64-linux-gnu.so[0m
[15.299s] [ 96%] Built target a2_controller__rosidl_typesupport_c__pyext
[15.301s] [ 96%] Built target a2_controller__rosidl_typesupport_introspection_c__pyext
[15.301s] [ 96%] Built target a2_controller__rosidl_typesupport_fastrtps_c__pyext
[22.057s] [ 98%] [32m[1mLinking CXX executable stat_node[0m
[22.460s] [ 98%] Built target stat_node
[25.210s] [100%] [32m[1mLinking CXX executable control_node[0m
[25.860s] [100%] Built target control_node
[25.870s] Invoked command in '/home/snape/2_track/src/a2_controller/build/a2_controller' returned '0': CMAKE_PREFIX_PATH=${CMAKE_PREFIX_PATH}:/opt/ros/humble /usr/bin/cmake --build /home/snape/2_track/src/a2_controller/build/a2_controller -- -j16 -l16
[25.878s] Invoking command in '/home/snape/2_track/src/a2_controller/build/a2_controller': CMAKE_PREFIX_PATH=${CMAKE_PREFIX_PATH}:/opt/ros/humble /usr/bin/cmake --install /home/snape/2_track/src/a2_controller/build/a2_controller
[25.883s] -- Install configuration: ""
[25.884s] -- Execute custom install script
[25.885s] -- Symlinking: /home/snape/2_track/src/a2_controller/install/a2_controller/share/ament_index/resource_index/rosidl_interfaces/a2_controller
[25.895s] -- Symlinking: /home/snape/2_track/src/a2_controller/install/a2_controller/include/a2_controller/a2_controller/msg/detail/obstacle_info__functions.h
[25.902s] -- Symlinking: /home/snape/2_track/src/a2_controller/install/a2_controller/include/a2_controller/a2_controller/msg/detail/obstacle_info__struct.h
[25.909s] -- Symlinking: /home/snape/2_track/src/a2_controller/install/a2_controller/include/a2_controller/a2_controller/msg/detail/obstacle_info__type_support.h
[25.915s] -- Symlinking: /home/snape/2_track/src/a2_controller/install/a2_controller/include/a2_controller/a2_controller/msg/obstacle_info.h
[25.922s] -- Symlinking: /home/snape/2_track/src/a2_controller/install/a2_controller/include/a2_controller/a2_controller/msg/rosidl_generator_c__visibility_control.h
[25.929s] -- Symlinking: /home/snape/2_track/src/a2_controller/install/a2_controller/include/a2_controller/a2_controller/srv/detail/get_velocity_stats__functions.h
[25.935s] -- Symlinking: /home/snape/2_track/src/a2_controller/install/a2_controller/include/a2_controller/a2_controller/srv/detail/get_velocity_stats__struct.h
[25.943s] -- Symlinking: /home/snape/2_track/src/a2_controller/install/a2_controller/include/a2_controller/a2_controller/srv/detail/get_velocity_stats__type_support.h
[25.950s] -- Symlinking: /home/snape/2_track/src/a2_controller/install/a2_controller/include/a2_controller/a2_controller/srv/detail/set_safety_threshold__functions.h
[25.956s] -- Symlinking: /home/snape/2_track/src/a2_controller/install/a2_controller/include/a2_controller/a2_controller/srv/detail/set_safety_threshold__struct.h
[25.963s] -- Symlinking: /home/snape/2_track/src/a2_controller/install/a2_controller/include/a2_controller/a2_controller/srv/detail/set_safety_threshold__type_support.h
[25.971s] -- Symlinking: /home/snape/2_track/src/a2_controller/install/a2_controller/include/a2_controller/a2_controller/srv/get_velocity_stats.h
[25.978s] -- Symlinking: /home/snape/2_track/src/a2_controller/install/a2_controller/include/a2_controller/a2_controller/srv/set_safety_threshold.h
[25.984s] -- Symlinking: /home/snape/2_track/src/a2_controller/install/a2_controller/share/a2_controller/environment/library_path.sh
[25.990s] -- Symlinking: /home/snape/2_track/src/a2_controller/install/a2_controller/share/a2_controller/environment/library_path.dsv
[25.996s] -- Symlinking: /home/snape/2_track/src/a2_controller/install/a2_controller/include/a2_controller/a2_controller/msg/detail/obstacle_info__rosidl_typesupport_fastrtps_c.h
[26.003s] -- Symlinking: /home/snape/2_track/src/a2_controller/install/a2_controller/include/a2_controller/a2_controller/msg/rosidl_typesupport_fastrtps_c__visibility_control.h
[26.009s] -- Symlinking: /home/snape/2_track/src/a2_controller/install/a2_controller/include/a2_controller/a2_controller/srv/detail/get_velocity_stats__rosidl_typesupport_fastrtps_c.h
[26.015s] -- Symlinking: /home/snape/2_track/src/a2_controller/install/a2_controller/include/a2_controller/a2_controller/srv/detail/set_safety_threshold__rosidl_typesupport_fastrtps_c.h
[26.022s] -- Symlinking: /home/snape/2_track/src/a2_controller/install/a2_controller/include/a2_controller/a2_controller/msg/detail/obstacle_info__builder.hpp
[26.029s] -- Symlinking: /home/snape/2_track/src/a2_controller/install/a2_controller/include/a2_controller/a2_controller/msg/detail/obstacle_info__struct.hpp
[26.037s] -- Symlinking: /home/snape/2_track/src/a2_controller/install/a2_controller/include/a2_controller/a2_controller/msg/detail/obstacle_info__traits.hpp
[26.043s] -- Symlinking: /home/snape/2_track/src/a2_controller/install/a2_controller/include/a2_controller/a2_controller/msg/detail/obstacle_info__type_support.hpp
[26.050s] -- Symlinking: /home/snape/2_track/src/a2_controller/install/a2_controller/include/a2_controller/a2_controller/msg/obstacle_info.hpp
[26.056s] -- Symlinking: /home/snape/2_track/src/a2_controller/install/a2_controller/include/a2_controller/a2_controller/msg/rosidl_generator_cpp__visibility_control.hpp
[26.063s] -- Symlinking: /home/snape/2_track/src/a2_controller/install/a2_controller/include/a2_controller/a2_controller/srv/detail/get_velocity_stats__builder.hpp
[26.071s] -- Symlinking: /home/snape/2_track/src/a2_controller/install/a2_controller/include/a2_controller/a2_controller/srv/detail/get_velocity_stats__struct.hpp
[26.078s] -- Symlinking: /home/snape/2_track/src/a2_controller/install/a2_controller/include/a2_controller/a2_controller/srv/detail/get_velocity_stats__traits.hpp
[26.084s] -- Symlinking: /home/snape/2_track/src/a2_controller/install/a2_controller/include/a2_controller/a2_controller/srv/detail/get_velocity_stats__type_support.hpp
[26.090s] -- Symlinking: /home/snape/2_track/src/a2_controller/install/a2_controller/include/a2_controller/a2_controller/srv/detail/set_safety_threshold__builder.hpp
[26.097s] -- Symlinking: /home/snape/2_track/src/a2_controller/install/a2_controller/include/a2_controller/a2_controller/srv/detail/set_safety_threshold__struct.hpp
[26.103s] -- Symlinking: /home/snape/2_track/src/a2_controller/install/a2_controller/include/a2_controller/a2_controller/srv/detail/set_safety_threshold__traits.hpp
[26.110s] -- Symlinking: /home/snape/2_track/src/a2_controller/install/a2_controller/include/a2_controller/a2_controller/srv/detail/set_safety_threshold__type_support.hpp
[26.116s] -- Symlinking: /home/snape/2_track/src/a2_controller/install/a2_controller/include/a2_controller/a2_controller/srv/get_velocity_stats.hpp
[26.121s] -- Symlinking: /home/snape/2_track/src/a2_controller/install/a2_controller/include/a2_controller/a2_controller/srv/set_safety_threshold.hpp
[26.128s] -- Symlinking: /home/snape/2_track/src/a2_controller/install/a2_controller/include/a2_controller/a2_controller/msg/detail/obstacle_info__rosidl_typesupport_fastrtps_cpp.hpp
[26.134s] -- Symlinking: /home/snape/2_track/src/a2_controller/install/a2_controller/include/a2_controller/a2_controller/msg/rosidl_typesupport_fastrtps_cpp__visibility_control.h
[26.141s] -- Symlinking: /home/snape/2_track/src/a2_controller/install/a2_controller/include/a2_controller/a2_controller/srv/detail/get_velocity_stats__rosidl_typesupport_fastrtps_cpp.hpp
[26.148s] -- Symlinking: /home/snape/2_track/src/a2_controller/install/a2_controller/include/a2_controller/a2_controller/srv/detail/set_safety_threshold__rosidl_typesupport_fastrtps_cpp.hpp
[26.155s] -- Symlinking: /home/snape/2_track/src/a2_controller/install/a2_controller/include/a2_controller/a2_controller/msg/detail/obstacle_info__rosidl_typesupport_introspection_c.h
[26.161s] -- Symlinking: /home/snape/2_track/src/a2_controller/install/a2_controller/include/a2_controller/a2_controller/msg/rosidl_typesupport_introspection_c__visibility_control.h
[26.168s] -- Symlinking: /home/snape/2_track/src/a2_controller/install/a2_controller/include/a2_controller/a2_controller/srv/detail/get_velocity_stats__rosidl_typesupport_introspection_c.h
[26.175s] -- Symlinking: /home/snape/2_track/src/a2_controller/install/a2_controller/include/a2_controller/a2_controller/srv/detail/set_safety_threshold__rosidl_typesupport_introspection_c.h
[26.182s] -- Symlinking: /home/snape/2_track/src/a2_controller/install/a2_controller/include/a2_controller/a2_controller/msg/detail/obstacle_info__rosidl_typesupport_introspection_cpp.hpp
[26.189s] -- Symlinking: /home/snape/2_track/src/a2_controller/install/a2_controller/include/a2_controller/a2_controller/srv/detail/get_velocity_stats__rosidl_typesupport_introspection_cpp.hpp
[26.195s] -- Symlinking: /home/snape/2_track/src/a2_controller/install/a2_controller/include/a2_controller/a2_controller/srv/detail/set_safety_threshold__rosidl_typesupport_introspection_cpp.hpp
[26.201s] -- Symlinking: /home/snape/2_track/src/a2_controller/install/a2_controller/share/a2_controller/environment/pythonpath.sh
[26.208s] -- Symlinking: /home/snape/2_track/src/a2_controller/install/a2_controller/share/a2_controller/environment/pythonpath.dsv
[26.216s] -- Symlinking: /home/snape/2_track/src/a2_controller/install/a2_controller/local/lib/python3.10/dist-packages/a2_controller-0.0.0-py3.10.egg-info/PKG-INFO
[26.223s] -- Symlinking: /home/snape/2_track/src/a2_controller/install/a2_controller/local/lib/python3.10/dist-packages/a2_controller-0.0.0-py3.10.egg-info/SOURCES.txt
[26.232s] -- Symlinking: /home/snape/2_track/src/a2_controller/install/a2_controller/local/lib/python3.10/dist-packages/a2_controller-0.0.0-py3.10.egg-info/dependency_links.txt
[26.239s] -- Symlinking: /home/snape/2_track/src/a2_controller/install/a2_controller/local/lib/python3.10/dist-packages/a2_controller-0.0.0-py3.10.egg-info/top_level.txt
[26.246s] -- Symlinking: /home/snape/2_track/src/a2_controller/install/a2_controller/local/lib/python3.10/dist-packages/a2_controller/__init__.py
[26.254s] -- Symlinking: /home/snape/2_track/src/a2_controller/install/a2_controller/local/lib/python3.10/dist-packages/a2_controller/_a2_controller_s.ep.rosidl_typesupport_c.c
[26.261s] -- Symlinking: /home/snape/2_track/src/a2_controller/install/a2_controller/local/lib/python3.10/dist-packages/a2_controller/_a2_controller_s.ep.rosidl_typesupport_fastrtps_c.c
[26.269s] -- Symlinking: /home/snape/2_track/src/a2_controller/install/a2_controller/local/lib/python3.10/dist-packages/a2_controller/_a2_controller_s.ep.rosidl_typesupport_introspection_c.c
[26.276s] -- Symlinking: /home/snape/2_track/src/a2_controller/install/a2_controller/local/lib/python3.10/dist-packages/a2_controller/a2_controller_s__rosidl_typesupport_c.cpython-310-x86_64-linux-gnu.so
[26.283s] -- Symlinking: /home/snape/2_track/src/a2_controller/install/a2_controller/local/lib/python3.10/dist-packages/a2_controller/a2_controller_s__rosidl_typesupport_fastrtps_c.cpython-310-x86_64-linux-gnu.so
[26.291s] -- Symlinking: /home/snape/2_track/src/a2_controller/install/a2_controller/local/lib/python3.10/dist-packages/a2_controller/a2_controller_s__rosidl_typesupport_introspection_c.cpython-310-x86_64-linux-gnu.so
[26.298s] -- Symlinking: /home/snape/2_track/src/a2_controller/install/a2_controller/local/lib/python3.10/dist-packages/a2_controller/liba2_controller__rosidl_generator_py.so
[26.304s] -- Symlinking: /home/snape/2_track/src/a2_controller/install/a2_controller/local/lib/python3.10/dist-packages/a2_controller/msg/__init__.py
[26.310s] -- Symlinking: /home/snape/2_track/src/a2_controller/install/a2_controller/local/lib/python3.10/dist-packages/a2_controller/msg/_obstacle_info.py
[26.315s] -- Symlinking: /home/snape/2_track/src/a2_controller/install/a2_controller/local/lib/python3.10/dist-packages/a2_controller/msg/_obstacle_info_s.c
[26.321s] -- Symlinking: /home/snape/2_track/src/a2_controller/install/a2_controller/local/lib/python3.10/dist-packages/a2_controller/srv/__init__.py
[26.326s] -- Symlinking: /home/snape/2_track/src/a2_controller/install/a2_controller/local/lib/python3.10/dist-packages/a2_controller/srv/_get_velocity_stats.py
[26.332s] -- Symlinking: /home/snape/2_track/src/a2_controller/install/a2_controller/local/lib/python3.10/dist-packages/a2_controller/srv/_get_velocity_stats_s.c
[26.338s] -- Symlinking: /home/snape/2_track/src/a2_controller/install/a2_controller/local/lib/python3.10/dist-packages/a2_controller/srv/_set_safety_threshold.py
[26.344s] -- Symlinking: /home/snape/2_track/src/a2_controller/install/a2_controller/local/lib/python3.10/dist-packages/a2_controller/srv/_set_safety_threshold_s.c
[26.353s] -- Up-to-date symlink: /home/snape/2_track/src/a2_controller/install/a2_controller/local/lib/python3.10/dist-packages/a2_controller/a2_controller_s__rosidl_typesupport_fastrtps_c.cpython-310-x86_64-linux-gnu.so
[26.353s] -- Up-to-date symlink: /home/snape/2_track/src/a2_controller/install/a2_controller/local/lib/python3.10/dist-packages/a2_controller/a2_controller_s__rosidl_typesupport_introspection_c.cpython-310-x86_64-linux-gnu.so
[26.353s] -- Up-to-date symlink: /home/snape/2_track/src/a2_controller/install/a2_controller/local/lib/python3.10/dist-packages/a2_controller/a2_controller_s__rosidl_typesupport_c.cpython-310-x86_64-linux-gnu.so
[26.353s] -- Symlinking: /home/snape/2_track/src/a2_controller/install/a2_controller/share/a2_controller/msg/ObstacleInfo.idl
[26.360s] -- Symlinking: /home/snape/2_track/src/a2_controller/install/a2_controller/share/a2_controller/srv/SetSafetyThreshold.idl
[26.367s] -- Symlinking: /home/snape/2_track/src/a2_controller/install/a2_controller/share/a2_controller/srv/GetVelocityStats.idl
[26.374s] -- Symlinking: /home/snape/2_track/src/a2_controller/install/a2_controller/share/a2_controller/msg/ObstacleInfo.msg
[26.381s] -- Symlinking: /home/snape/2_track/src/a2_controller/install/a2_controller/share/a2_controller/srv/SetSafetyThreshold.srv
[26.390s] -- Symlinking: /home/snape/2_track/src/a2_controller/install/a2_controller/share/a2_controller/srv/SetSafetyThreshold_Request.msg
[26.398s] -- Symlinking: /home/snape/2_track/src/a2_controller/install/a2_controller/share/a2_controller/srv/SetSafetyThreshold_Response.msg
[26.405s] -- Symlinking: /home/snape/2_track/src/a2_controller/install/a2_controller/share/a2_controller/srv/GetVelocityStats.srv
[26.412s] -- Symlinking: /home/snape/2_track/src/a2_controller/install/a2_controller/share/a2_controller/srv/GetVelocityStats_Request.msg
[26.419s] -- Symlinking: /home/snape/2_track/src/a2_controller/install/a2_controller/share/a2_controller/srv/GetVelocityStats_Response.msg
[26.427s] -- Symlinking: /home/snape/2_track/src/a2_controller/install/a2_controller/lib/a2_controller/control_node
[26.435s] -- Symlinking: /home/snape/2_track/src/a2_controller/install/a2_controller/lib/a2_controller/stat_node
[26.442s] -- Symlinking: /home/snape/2_track/src/a2_controller/install/a2_controller/share/ament_index/resource_index/package_run_dependencies/a2_controller
[26.448s] -- Symlinking: /home/snape/2_track/src/a2_controller/install/a2_controller/share/ament_index/resource_index/parent_prefix_path/a2_controller
[26.455s] -- Symlinking: /home/snape/2_track/src/a2_controller/install/a2_controller/share/a2_controller/environment/ament_prefix_path.sh
[26.462s] -- Symlinking: /home/snape/2_track/src/a2_controller/install/a2_controller/share/a2_controller/environment/ament_prefix_path.dsv
[26.469s] -- Symlinking: /home/snape/2_track/src/a2_controller/install/a2_controller/share/a2_controller/environment/path.sh
[26.476s] -- Symlinking: /home/snape/2_track/src/a2_controller/install/a2_controller/share/a2_controller/environment/path.dsv
[26.484s] -- Symlinking: /home/snape/2_track/src/a2_controller/install/a2_controller/share/a2_controller/local_setup.bash
[26.491s] -- Symlinking: /home/snape/2_track/src/a2_controller/install/a2_controller/share/a2_controller/local_setup.sh
[26.499s] -- Symlinking: /home/snape/2_track/src/a2_controller/install/a2_controller/share/a2_controller/local_setup.zsh
[26.507s] -- Symlinking: /home/snape/2_track/src/a2_controller/install/a2_controller/share/a2_controller/local_setup.dsv
[26.517s] -- Symlinking: /home/snape/2_track/src/a2_controller/install/a2_controller/share/a2_controller/package.dsv
[26.524s] -- Symlinking: /home/snape/2_track/src/a2_controller/install/a2_controller/share/ament_index/resource_index/packages/a2_controller
[26.531s] -- Symlinking: /home/snape/2_track/src/a2_controller/install/a2_controller/share/a2_controller/cmake/rosidl_cmake-extras.cmake
[26.538s] -- Symlinking: /home/snape/2_track/src/a2_controller/install/a2_controller/share/a2_controller/cmake/ament_cmake_export_dependencies-extras.cmake
[26.544s] -- Symlinking: /home/snape/2_track/src/a2_controller/install/a2_controller/share/a2_controller/cmake/ament_cmake_export_include_directories-extras.cmake
[26.550s] -- Symlinking: /home/snape/2_track/src/a2_controller/install/a2_controller/share/a2_controller/cmake/ament_cmake_export_libraries-extras.cmake
[26.557s] -- Symlinking: /home/snape/2_track/src/a2_controller/install/a2_controller/share/a2_controller/cmake/ament_cmake_export_targets-extras.cmake
[26.563s] -- Symlinking: /home/snape/2_track/src/a2_controller/install/a2_controller/share/a2_controller/cmake/rosidl_cmake_export_typesupport_targets-extras.cmake
[26.568s] -- Symlinking: /home/snape/2_track/src/a2_controller/install/a2_controller/share/a2_controller/cmake/rosidl_cmake_export_typesupport_libraries-extras.cmake
[26.574s] -- Symlinking: /home/snape/2_track/src/a2_controller/install/a2_controller/share/a2_controller/cmake/a2_controllerConfig.cmake
[26.579s] -- Symlinking: /home/snape/2_track/src/a2_controller/install/a2_controller/share/a2_controller/cmake/a2_controllerConfig-version.cmake
[26.585s] -- Symlinking: /home/snape/2_track/src/a2_controller/install/a2_controller/share/a2_controller/package.xml
[26.591s] -- Installing: /home/snape/2_track/src/a2_controller/install/a2_controller/lib/liba2_controller__rosidl_generator_c.so
[26.591s] -- Set runtime path of "/home/snape/2_track/src/a2_controller/install/a2_controller/lib/liba2_controller__rosidl_generator_c.so" to ""
[26.591s] -- Installing: /home/snape/2_track/src/a2_controller/install/a2_controller/lib/liba2_controller__rosidl_typesupport_fastrtps_c.so
[26.591s] -- Set runtime path of "/home/snape/2_track/src/a2_controller/install/a2_controller/lib/liba2_controller__rosidl_typesupport_fastrtps_c.so" to ""
[26.591s] -- Installing: /home/snape/2_track/src/a2_controller/install/a2_controller/lib/liba2_controller__rosidl_typesupport_fastrtps_cpp.so
[26.592s] -- Set runtime path of "/home/snape/2_track/src/a2_controller/install/a2_controller/lib/liba2_controller__rosidl_typesupport_fastrtps_cpp.so" to ""
[26.592s] -- Installing: /home/snape/2_track/src/a2_controller/install/a2_controller/lib/liba2_controller__rosidl_typesupport_introspection_c.so
[26.592s] -- Set runtime path of "/home/snape/2_track/src/a2_controller/install/a2_controller/lib/liba2_controller__rosidl_typesupport_introspection_c.so" to ""
[26.592s] -- Installing: /home/snape/2_track/src/a2_controller/install/a2_controller/lib/liba2_controller__rosidl_typesupport_c.so
[26.593s] -- Set runtime path of "/home/snape/2_track/src/a2_controller/install/a2_controller/lib/liba2_controller__rosidl_typesupport_c.so" to ""
[26.593s] -- Installing: /home/snape/2_track/src/a2_controller/install/a2_controller/lib/liba2_controller__rosidl_typesupport_introspection_cpp.so
[26.593s] -- Set runtime path of "/home/snape/2_track/src/a2_controller/install/a2_controller/lib/liba2_controller__rosidl_typesupport_introspection_cpp.so" to ""
[26.593s] -- Installing: /home/snape/2_track/src/a2_controller/install/a2_controller/lib/liba2_controller__rosidl_typesupport_cpp.so
[26.593s] -- Set runtime path of "/home/snape/2_track/src/a2_controller/install/a2_controller/lib/liba2_controller__rosidl_typesupport_cpp.so" to ""
[26.621s] Listing '/home/snape/2_track/src/a2_controller/install/a2_controller/local/lib/python3.10/dist-packages/a2_controller'...
[26.621s] Compiling '/home/snape/2_track/src/a2_controller/install/a2_controller/local/lib/python3.10/dist-packages/a2_controller/__init__.py'...
[26.621s] Listing '/home/snape/2_track/src/a2_controller/install/a2_controller/local/lib/python3.10/dist-packages/a2_controller/msg'...
[26.621s] Compiling '/home/snape/2_track/src/a2_controller/install/a2_controller/local/lib/python3.10/dist-packages/a2_controller/msg/__init__.py'...
[26.621s] Compiling '/home/snape/2_track/src/a2_controller/install/a2_controller/local/lib/python3.10/dist-packages/a2_controller/msg/_obstacle_info.py'...
[26.621s] Listing '/home/snape/2_track/src/a2_controller/install/a2_controller/local/lib/python3.10/dist-packages/a2_controller/srv'...
[26.621s] Compiling '/home/snape/2_track/src/a2_controller/install/a2_controller/local/lib/python3.10/dist-packages/a2_controller/srv/__init__.py'...
[26.621s] Compiling '/home/snape/2_track/src/a2_controller/install/a2_controller/local/lib/python3.10/dist-packages/a2_controller/srv/_get_velocity_stats.py'...
[26.621s] Compiling '/home/snape/2_track/src/a2_controller/install/a2_controller/local/lib/python3.10/dist-packages/a2_controller/srv/_set_safety_threshold.py'...
[26.624s] -- Installing: /home/snape/2_track/src/a2_controller/install/a2_controller/lib/liba2_controller__rosidl_generator_py.so
[26.624s] -- Set runtime path of "/home/snape/2_track/src/a2_controller/install/a2_controller/lib/liba2_controller__rosidl_generator_py.so" to ""
[26.624s] -- Installing: /home/snape/2_track/src/a2_controller/install/a2_controller/share/a2_controller//launch
[26.624s] -- Installing: /home/snape/2_track/src/a2_controller/install/a2_controller/share/a2_controller//launch/controller.launch.py
[26.625s] -- Installing: /home/snape/2_track/src/a2_controller/install/a2_controller/share/a2_controller/cmake/export_a2_controller__rosidl_generator_cExport.cmake
[26.625s] -- Installing: /home/snape/2_track/src/a2_controller/install/a2_controller/share/a2_controller/cmake/export_a2_controller__rosidl_generator_cExport-noconfig.cmake
[26.625s] -- Installing: /home/snape/2_track/src/a2_controller/install/a2_controller/share/a2_controller/cmake/export_a2_controller__rosidl_typesupport_fastrtps_cExport.cmake
[26.625s] -- Installing: /home/snape/2_track/src/a2_controller/install/a2_controller/share/a2_controller/cmake/export_a2_controller__rosidl_typesupport_fastrtps_cExport-noconfig.cmake
[26.625s] -- Installing: /home/snape/2_track/src/a2_controller/install/a2_controller/share/a2_controller/cmake/export_a2_controller__rosidl_generator_cppExport.cmake
[26.625s] -- Installing: /home/snape/2_track/src/a2_controller/install/a2_controller/share/a2_controller/cmake/export_a2_controller__rosidl_typesupport_fastrtps_cppExport.cmake
[26.626s] -- Installing: /home/snape/2_track/src/a2_controller/install/a2_controller/share/a2_controller/cmake/export_a2_controller__rosidl_typesupport_fastrtps_cppExport-noconfig.cmake
[26.626s] -- Installing: /home/snape/2_track/src/a2_controller/install/a2_controller/share/a2_controller/cmake/a2_controller__rosidl_typesupport_introspection_cExport.cmake
[26.626s] -- Installing: /home/snape/2_track/src/a2_controller/install/a2_controller/share/a2_controller/cmake/a2_controller__rosidl_typesupport_introspection_cExport-noconfig.cmake
[26.626s] -- Installing: /home/snape/2_track/src/a2_controller/install/a2_controller/share/a2_controller/cmake/a2_controller__rosidl_typesupport_cExport.cmake
[26.627s] -- Installing: /home/snape/2_track/src/a2_controller/install/a2_controller/share/a2_controller/cmake/a2_controller__rosidl_typesupport_cExport-noconfig.cmake
[26.627s] -- Installing: /home/snape/2_track/src/a2_controller/install/a2_controller/share/a2_controller/cmake/a2_controller__rosidl_typesupport_introspection_cppExport.cmake
[26.627s] -- Installing: /home/snape/2_track/src/a2_controller/install/a2_controller/share/a2_controller/cmake/a2_controller__rosidl_typesupport_introspection_cppExport-noconfig.cmake
[26.627s] -- Installing: /home/snape/2_track/src/a2_controller/install/a2_controller/share/a2_controller/cmake/a2_controller__rosidl_typesupport_cppExport.cmake
[26.627s] -- Installing: /home/snape/2_track/src/a2_controller/install/a2_controller/share/a2_controller/cmake/a2_controller__rosidl_typesupport_cppExport-noconfig.cmake
[26.627s] -- Installing: /home/snape/2_track/src/a2_controller/install/a2_controller/share/a2_controller/cmake/export_a2_controller__rosidl_generator_pyExport.cmake
[26.627s] -- Installing: /home/snape/2_track/src/a2_controller/install/a2_controller/share/a2_controller/cmake/export_a2_controller__rosidl_generator_pyExport-noconfig.cmake
[26.630s] Invoked command in '/home/snape/2_track/src/a2_controller/build/a2_controller' returned '0': CMAKE_PREFIX_PATH=${CMAKE_PREFIX_PATH}:/opt/ros/humble /usr/bin/cmake --install /home/snape/2_track/src/a2_controller/build/a2_controller
