[0.197s] DEBUG:colcon:Command line arguments: ['/usr/bin/colcon', 'build', '--packages-select', 'a2_controller', '--symlink-install']
[0.197s] DEBUG:colcon:Parsed command line arguments: Namespace(log_base=None, log_level=None, verb_name='build', build_base='build', install_base='install', merge_install=False, symlink_install=True, test_result_base=None, continue_on_error=False, executor='parallel', parallel_workers=16, event_handlers=None, ignore_user_meta=False, metas=['./colcon.meta'], base_paths=['.'], packages_ignore=None, packages_ignore_regex=None, paths=None, packages_up_to=None, packages_up_to_regex=None, packages_above=None, packages_above_and_dependencies=None, packages_above_depth=None, packages_select_by_dep=None, packages_skip_by_dep=None, packages_skip_up_to=None, packages_select_build_failed=False, packages_skip_build_finished=False, packages_select_test_failures=False, packages_skip_test_passed=False, packages_select=['a2_controller'], packages_skip=None, packages_select_regex=None, packages_skip_regex=None, packages_start=None, packages_end=None, allow_overriding=[], cmake_args=None, cmake_target=None, cmake_target_skip_unavailable=False, cmake_clean_cache=False, cmake_clean_first=False, cmake_force_configure=False, ament_cmake_args=None, catkin_cmake_args=None, catkin_skip_building_tests=False, mixin_files=None, mixin=None, verb_parser=<colcon_mixin.mixin.mixin_argument.MixinArgumentDecorator object at 0x714f25a61f90>, verb_extension=<colcon_core.verb.build.BuildVerb object at 0x714f25bdac80>, main=<bound method BuildVerb.main of <colcon_core.verb.build.BuildVerb object at 0x714f25bdac80>>, mixin_verb=('build',))
[0.310s] Level 1:colcon.colcon_core.package_discovery:discover_packages(colcon_meta) check parameters
[0.310s] Level 1:colcon.colcon_core.package_discovery:discover_packages(recursive) check parameters
[0.310s] Level 1:colcon.colcon_core.package_discovery:discover_packages(ignore) check parameters
[0.310s] Level 1:colcon.colcon_core.package_discovery:discover_packages(path) check parameters
[0.310s] Level 1:colcon.colcon_core.package_discovery:discover_packages(colcon_meta) discover
[0.310s] Level 1:colcon.colcon_core.package_discovery:discover_packages(recursive) discover
[0.310s] INFO:colcon.colcon_core.package_discovery:Crawling recursively for packages in '/home/snape/2_track/src/a2_controller'
[0.310s] Level 1:colcon.colcon_core.package_identification:_identify(.) by extensions ['ignore', 'ignore_ament_install']
[0.310s] Level 1:colcon.colcon_core.package_identification:_identify(.) by extension 'ignore'
[0.310s] Level 1:colcon.colcon_core.package_identification:_identify(.) by extension 'ignore_ament_install'
[0.310s] Level 1:colcon.colcon_core.package_identification:_identify(.) by extensions ['colcon_pkg']
[0.310s] Level 1:colcon.colcon_core.package_identification:_identify(.) by extension 'colcon_pkg'
[0.311s] Level 1:colcon.colcon_core.package_identification:_identify(.) by extensions ['colcon_meta']
[0.311s] Level 1:colcon.colcon_core.package_identification:_identify(.) by extension 'colcon_meta'
[0.311s] Level 1:colcon.colcon_core.package_identification:_identify(.) by extensions ['ros']
[0.311s] Level 1:colcon.colcon_core.package_identification:_identify(.) by extension 'ros'
[0.320s] DEBUG:colcon.colcon_core.package_identification:Package '.' with type 'ros.ament_cmake' and name 'a2_controller'
[0.320s] Level 1:colcon.colcon_core.package_discovery:discover_packages(recursive) using defaults
[0.320s] Level 1:colcon.colcon_core.package_discovery:discover_packages(ignore) discover
[0.320s] Level 1:colcon.colcon_core.package_discovery:discover_packages(ignore) using defaults
[0.320s] Level 1:colcon.colcon_core.package_discovery:discover_packages(path) discover
[0.320s] Level 1:colcon.colcon_core.package_discovery:discover_packages(path) using defaults
[0.339s] Level 1:colcon.colcon_core.package_discovery:discover_packages(prefix_path) check parameters
[0.339s] Level 1:colcon.colcon_core.package_discovery:discover_packages(prefix_path) discover
[0.341s] DEBUG:colcon.colcon_installed_package_information.package_discovery:Found 2 installed packages in /home/snape/2_track/install
[0.342s] DEBUG:colcon.colcon_installed_package_information.package_discovery:Found 286 installed packages in /opt/ros/humble
[0.342s] Level 1:colcon.colcon_core.package_discovery:discover_packages(prefix_path) using defaults
[0.367s] Level 5:colcon.colcon_core.verb:set package 'a2_controller' build argument 'cmake_args' from command line to 'None'
[0.367s] Level 5:colcon.colcon_core.verb:set package 'a2_controller' build argument 'cmake_target' from command line to 'None'
[0.367s] Level 5:colcon.colcon_core.verb:set package 'a2_controller' build argument 'cmake_target_skip_unavailable' from command line to 'False'
[0.367s] Level 5:colcon.colcon_core.verb:set package 'a2_controller' build argument 'cmake_clean_cache' from command line to 'False'
[0.367s] Level 5:colcon.colcon_core.verb:set package 'a2_controller' build argument 'cmake_clean_first' from command line to 'False'
[0.367s] Level 5:colcon.colcon_core.verb:set package 'a2_controller' build argument 'cmake_force_configure' from command line to 'False'
[0.367s] Level 5:colcon.colcon_core.verb:set package 'a2_controller' build argument 'ament_cmake_args' from command line to 'None'
[0.367s] Level 5:colcon.colcon_core.verb:set package 'a2_controller' build argument 'catkin_cmake_args' from command line to 'None'
[0.367s] Level 5:colcon.colcon_core.verb:set package 'a2_controller' build argument 'catkin_skip_building_tests' from command line to 'False'
[0.367s] DEBUG:colcon.colcon_core.verb:Building package 'a2_controller' with the following arguments: {'ament_cmake_args': None, 'build_base': '/home/snape/2_track/src/a2_controller/build/a2_controller', 'catkin_cmake_args': None, 'catkin_skip_building_tests': False, 'cmake_args': None, 'cmake_clean_cache': False, 'cmake_clean_first': False, 'cmake_force_configure': False, 'cmake_target': None, 'cmake_target_skip_unavailable': False, 'install_base': '/home/snape/2_track/src/a2_controller/install/a2_controller', 'merge_install': False, 'path': '/home/snape/2_track/src/a2_controller', 'symlink_install': True, 'test_result_base': None}
[0.367s] INFO:colcon.colcon_core.executor:Executing jobs using 'parallel' executor
[0.368s] DEBUG:colcon.colcon_parallel_executor.executor.parallel:run_until_complete
[0.368s] INFO:colcon.colcon_ros.task.ament_cmake.build:Building ROS package in '/home/snape/2_track/src/a2_controller' with build type 'ament_cmake'
[0.369s] INFO:colcon.colcon_cmake.task.cmake.build:Building CMake package in '/home/snape/2_track/src/a2_controller'
[0.371s] INFO:colcon.colcon_core.plugin_system:Skipping extension 'colcon_core.shell.bat': Not used on non-Windows systems
[0.371s] INFO:colcon.colcon_core.shell:Skip shell extension 'powershell' for command environment: Not usable outside of PowerShell
[0.371s] DEBUG:colcon.colcon_core.shell:Skip shell extension 'dsv' for command environment
[0.378s] DEBUG:colcon.colcon_core.event_handler.log_command:Invoking command in '/home/snape/2_track/src/a2_controller/build/a2_controller': CMAKE_PREFIX_PATH=${CMAKE_PREFIX_PATH}:/opt/ros/humble /usr/bin/cmake /home/snape/2_track/src/a2_controller -DAMENT_CMAKE_SYMLINK_INSTALL=1 -DCMAKE_INSTALL_PREFIX=/home/snape/2_track/src/a2_controller/install/a2_controller
[13.025s] DEBUG:colcon.colcon_core.event_handler.log_command:Invoked command in '/home/snape/2_track/src/a2_controller/build/a2_controller' returned '0': CMAKE_PREFIX_PATH=${CMAKE_PREFIX_PATH}:/opt/ros/humble /usr/bin/cmake /home/snape/2_track/src/a2_controller -DAMENT_CMAKE_SYMLINK_INSTALL=1 -DCMAKE_INSTALL_PREFIX=/home/snape/2_track/src/a2_controller/install/a2_controller
[13.027s] DEBUG:colcon.colcon_core.event_handler.log_command:Invoking command in '/home/snape/2_track/src/a2_controller/build/a2_controller': CMAKE_PREFIX_PATH=${CMAKE_PREFIX_PATH}:/opt/ros/humble /usr/bin/cmake --build /home/snape/2_track/src/a2_controller/build/a2_controller -- -j16 -l16
[26.240s] DEBUG:colcon.colcon_core.event_handler.log_command:Invoked command in '/home/snape/2_track/src/a2_controller/build/a2_controller' returned '0': CMAKE_PREFIX_PATH=${CMAKE_PREFIX_PATH}:/opt/ros/humble /usr/bin/cmake --build /home/snape/2_track/src/a2_controller/build/a2_controller -- -j16 -l16
[26.249s] DEBUG:colcon.colcon_core.event_handler.log_command:Invoking command in '/home/snape/2_track/src/a2_controller/build/a2_controller': CMAKE_PREFIX_PATH=${CMAKE_PREFIX_PATH}:/opt/ros/humble /usr/bin/cmake --install /home/snape/2_track/src/a2_controller/build/a2_controller
[26.999s] Level 1:colcon.colcon_core.environment:create_environment_scripts_only(a2_controller)
[26.999s] DEBUG:colcon.colcon_core.event_handler.log_command:Invoked command in '/home/snape/2_track/src/a2_controller/build/a2_controller' returned '0': CMAKE_PREFIX_PATH=${CMAKE_PREFIX_PATH}:/opt/ros/humble /usr/bin/cmake --install /home/snape/2_track/src/a2_controller/build/a2_controller
[27.001s] Level 1:colcon.colcon_core.environment:checking '/home/snape/2_track/src/a2_controller/install/a2_controller' for CMake module files
[27.001s] Level 1:colcon.colcon_core.environment:checking '/home/snape/2_track/src/a2_controller/install/a2_controller' for CMake config files
[27.001s] Level 1:colcon.colcon_core.shell:create_environment_hook('a2_controller', 'cmake_prefix_path')
[27.001s] INFO:colcon.colcon_core.shell:Creating environment hook '/home/snape/2_track/src/a2_controller/install/a2_controller/share/a2_controller/hook/cmake_prefix_path.ps1'
[27.002s] INFO:colcon.colcon_core.shell:Creating environment descriptor '/home/snape/2_track/src/a2_controller/install/a2_controller/share/a2_controller/hook/cmake_prefix_path.dsv'
[27.003s] INFO:colcon.colcon_core.shell:Creating environment hook '/home/snape/2_track/src/a2_controller/install/a2_controller/share/a2_controller/hook/cmake_prefix_path.sh'
[27.003s] Level 1:colcon.colcon_core.environment:checking '/home/snape/2_track/src/a2_controller/install/a2_controller/lib'
[27.003s] Level 1:colcon.colcon_core.shell:create_environment_hook('a2_controller', 'ld_library_path_lib')
[27.004s] INFO:colcon.colcon_core.shell:Creating environment hook '/home/snape/2_track/src/a2_controller/install/a2_controller/share/a2_controller/hook/ld_library_path_lib.ps1'
[27.004s] INFO:colcon.colcon_core.shell:Creating environment descriptor '/home/snape/2_track/src/a2_controller/install/a2_controller/share/a2_controller/hook/ld_library_path_lib.dsv'
[27.004s] INFO:colcon.colcon_core.shell:Creating environment hook '/home/snape/2_track/src/a2_controller/install/a2_controller/share/a2_controller/hook/ld_library_path_lib.sh'
[27.004s] Level 1:colcon.colcon_core.environment:checking '/home/snape/2_track/src/a2_controller/install/a2_controller/bin'
[27.004s] Level 1:colcon.colcon_core.environment:checking '/home/snape/2_track/src/a2_controller/install/a2_controller/lib/pkgconfig/a2_controller.pc'
[27.004s] Level 1:colcon.colcon_core.environment:checking '/home/snape/2_track/src/a2_controller/install/a2_controller/lib/python3.10/site-packages'
[27.005s] Level 1:colcon.colcon_core.environment:checking '/home/snape/2_track/src/a2_controller/install/a2_controller/bin'
[27.005s] INFO:colcon.colcon_core.shell:Creating package script '/home/snape/2_track/src/a2_controller/install/a2_controller/share/a2_controller/package.ps1'
[27.005s] INFO:colcon.colcon_core.shell:Creating package descriptor '/home/snape/2_track/src/a2_controller/install/a2_controller/share/a2_controller/package.dsv'
[27.006s] INFO:colcon.colcon_core.shell:Creating package script '/home/snape/2_track/src/a2_controller/install/a2_controller/share/a2_controller/package.sh'
[27.006s] INFO:colcon.colcon_core.shell:Creating package script '/home/snape/2_track/src/a2_controller/install/a2_controller/share/a2_controller/package.bash'
[27.007s] INFO:colcon.colcon_core.shell:Creating package script '/home/snape/2_track/src/a2_controller/install/a2_controller/share/a2_controller/package.zsh'
[27.007s] Level 1:colcon.colcon_core.environment:create_file_with_runtime_dependencies(/home/snape/2_track/src/a2_controller/install/a2_controller/share/colcon-core/packages/a2_controller)
[27.008s] Level 1:colcon.colcon_core.environment:create_environment_scripts_only(a2_controller)
[27.008s] Level 1:colcon.colcon_core.environment:checking '/home/snape/2_track/src/a2_controller/install/a2_controller' for CMake module files
[27.009s] Level 1:colcon.colcon_core.environment:checking '/home/snape/2_track/src/a2_controller/install/a2_controller' for CMake config files
[27.009s] Level 1:colcon.colcon_core.shell:create_environment_hook('a2_controller', 'cmake_prefix_path')
[27.009s] INFO:colcon.colcon_core.shell:Creating environment hook '/home/snape/2_track/src/a2_controller/install/a2_controller/share/a2_controller/hook/cmake_prefix_path.ps1'
[27.009s] INFO:colcon.colcon_core.shell:Creating environment descriptor '/home/snape/2_track/src/a2_controller/install/a2_controller/share/a2_controller/hook/cmake_prefix_path.dsv'
[27.010s] INFO:colcon.colcon_core.shell:Creating environment hook '/home/snape/2_track/src/a2_controller/install/a2_controller/share/a2_controller/hook/cmake_prefix_path.sh'
[27.010s] Level 1:colcon.colcon_core.environment:checking '/home/snape/2_track/src/a2_controller/install/a2_controller/lib'
[27.010s] Level 1:colcon.colcon_core.shell:create_environment_hook('a2_controller', 'ld_library_path_lib')
[27.010s] INFO:colcon.colcon_core.shell:Creating environment hook '/home/snape/2_track/src/a2_controller/install/a2_controller/share/a2_controller/hook/ld_library_path_lib.ps1'
[27.011s] INFO:colcon.colcon_core.shell:Creating environment descriptor '/home/snape/2_track/src/a2_controller/install/a2_controller/share/a2_controller/hook/ld_library_path_lib.dsv'
[27.011s] INFO:colcon.colcon_core.shell:Creating environment hook '/home/snape/2_track/src/a2_controller/install/a2_controller/share/a2_controller/hook/ld_library_path_lib.sh'
[27.011s] Level 1:colcon.colcon_core.environment:checking '/home/snape/2_track/src/a2_controller/install/a2_controller/bin'
[27.011s] Level 1:colcon.colcon_core.environment:checking '/home/snape/2_track/src/a2_controller/install/a2_controller/lib/pkgconfig/a2_controller.pc'
[27.011s] Level 1:colcon.colcon_core.environment:checking '/home/snape/2_track/src/a2_controller/install/a2_controller/lib/python3.10/site-packages'
[27.012s] Level 1:colcon.colcon_core.environment:checking '/home/snape/2_track/src/a2_controller/install/a2_controller/bin'
[27.012s] INFO:colcon.colcon_core.shell:Creating package script '/home/snape/2_track/src/a2_controller/install/a2_controller/share/a2_controller/package.ps1'
[27.012s] INFO:colcon.colcon_core.shell:Creating package descriptor '/home/snape/2_track/src/a2_controller/install/a2_controller/share/a2_controller/package.dsv'
[27.012s] INFO:colcon.colcon_core.shell:Creating package script '/home/snape/2_track/src/a2_controller/install/a2_controller/share/a2_controller/package.sh'
[27.013s] INFO:colcon.colcon_core.shell:Creating package script '/home/snape/2_track/src/a2_controller/install/a2_controller/share/a2_controller/package.bash'
[27.013s] INFO:colcon.colcon_core.shell:Creating package script '/home/snape/2_track/src/a2_controller/install/a2_controller/share/a2_controller/package.zsh'
[27.013s] Level 1:colcon.colcon_core.environment:create_file_with_runtime_dependencies(/home/snape/2_track/src/a2_controller/install/a2_controller/share/colcon-core/packages/a2_controller)
[27.013s] DEBUG:colcon.colcon_parallel_executor.executor.parallel:closing loop
[27.014s] DEBUG:colcon.colcon_parallel_executor.executor.parallel:loop closed
[27.014s] DEBUG:colcon.colcon_parallel_executor.executor.parallel:run_until_complete finished with '0'
[27.014s] DEBUG:colcon.colcon_core.event_reactor:joining thread
[27.081s] INFO:colcon.colcon_core.plugin_system:Skipping extension 'colcon_notification.desktop_notification.notify_send': Could not find 'notify-send'
[27.081s] INFO:colcon.colcon_core.plugin_system:Skipping extension 'colcon_notification.desktop_notification.terminal_notifier': Not used on non-Darwin systems
[27.081s] INFO:colcon.colcon_core.plugin_system:Skipping extension 'colcon_notification.desktop_notification.win32': Not used on non-Windows systems
[27.081s] INFO:colcon.colcon_notification.desktop_notification:Sending desktop notification using 'notify2'
[27.083s] DEBUG:colcon.colcon_notification.desktop_notification.notify2:Failed to initialize notify2: org.freedesktop.DBus.Error.ServiceUnknown: The name org.freedesktop.Notifications was not provided by any .service files
[27.083s] DEBUG:colcon.colcon_core.event_reactor:joined thread
[27.084s] INFO:colcon.colcon_core.shell:Creating prefix script '/home/snape/2_track/src/a2_controller/install/local_setup.ps1'
[27.085s] INFO:colcon.colcon_core.shell:Creating prefix util module '/home/snape/2_track/src/a2_controller/install/_local_setup_util_ps1.py'
[27.086s] INFO:colcon.colcon_core.shell:Creating prefix chain script '/home/snape/2_track/src/a2_controller/install/setup.ps1'
[27.086s] INFO:colcon.colcon_core.shell:Creating prefix script '/home/snape/2_track/src/a2_controller/install/local_setup.sh'
[27.087s] INFO:colcon.colcon_core.shell:Creating prefix util module '/home/snape/2_track/src/a2_controller/install/_local_setup_util_sh.py'
[27.087s] INFO:colcon.colcon_core.shell:Creating prefix chain script '/home/snape/2_track/src/a2_controller/install/setup.sh'
[27.088s] INFO:colcon.colcon_core.shell:Creating prefix script '/home/snape/2_track/src/a2_controller/install/local_setup.bash'
[27.088s] INFO:colcon.colcon_core.shell:Creating prefix chain script '/home/snape/2_track/src/a2_controller/install/setup.bash'
[27.089s] INFO:colcon.colcon_core.shell:Creating prefix script '/home/snape/2_track/src/a2_controller/install/local_setup.zsh'
[27.089s] INFO:colcon.colcon_core.shell:Creating prefix chain script '/home/snape/2_track/src/a2_controller/install/setup.zsh'
