running develop
running egg_info
creating assignment1_rt.egg-info
writing assignment1_rt.egg-info/PKG-INFO
writing dependency_links to assignment1_rt.egg-info/dependency_links.txt
writing entry points to assignment1_rt.egg-info/entry_points.txt
writing requirements to assignment1_rt.egg-info/requires.txt
writing top-level names to assignment1_rt.egg-info/top_level.txt
writing manifest file 'assignment1_rt.egg-info/SOURCES.txt'
reading manifest file 'assignment1_rt.egg-info/SOURCES.txt'
writing manifest file 'assignment1_rt.egg-info/SOURCES.txt'
running build_ext
Creating /home/snape/track/install/assignment1_rt/lib/python3.10/site-packages/assignment1-rt.egg-link (link to .)
Installing distance_node script to /home/snape/track/install/assignment1_rt/lib/assignment1_rt
Installing turtle_spawn script to /home/snape/track/install/assignment1_rt/lib/assignment1_rt
Installing ui_node script to /home/snape/track/install/assignment1_rt/lib/assignment1_rt

Installed /home/snape/track/build/assignment1_rt
running symlink_data
creating /home/snape/track/install/assignment1_rt/share/ament_index
creating /home/snape/track/install/assignment1_rt/share/ament_index/resource_index
creating /home/snape/track/install/assignment1_rt/share/ament_index/resource_index/packages
symbolically linking /home/snape/track/build/assignment1_rt/resource/assignment1_rt -> /home/snape/track/install/assignment1_rt/share/ament_index/resource_index/packages
symbolically linking /home/snape/track/build/assignment1_rt/package.xml -> /home/snape/track/install/assignment1_rt/share/assignment1_rt
creating /home/snape/track/install/assignment1_rt/share/assignment1_rt/launch
symbolically linking /home/snape/track/build/assignment1_rt/launch/run.py -> /home/snape/track/install/assignment1_rt/share/assignment1_rt/launch
