[0.947s] Invoking command in '/home/snape/track/build/assignment1_rt': PYTHONPATH=/home/snape/track/build/assignment1_rt/prefix_override:/usr/lib/python3/dist-packages/colcon_core/task/python/colcon_distutils_commands:/home/snape/track/install/assignment1_rt/lib/python3.10/site-packages:${PYTHONPATH} /usr/bin/python3 -W ignore:setup.py install is deprecated -W ignore:easy_install command is deprecated setup.py develop --editable --build-directory /home/snape/track/build/assignment1_rt/build --no-deps symlink_data
[1.233s] running develop
[1.382s] running egg_info
[1.382s] creating assignment1_rt.egg-info
[1.383s] writing assignment1_rt.egg-info/PKG-INFO
[1.384s] writing dependency_links to assignment1_rt.egg-info/dependency_links.txt
[1.384s] writing entry points to assignment1_rt.egg-info/entry_points.txt
[1.384s] writing requirements to assignment1_rt.egg-info/requires.txt
[1.385s] writing top-level names to assignment1_rt.egg-info/top_level.txt
[1.385s] writing manifest file 'assignment1_rt.egg-info/SOURCES.txt'
[1.386s] reading manifest file 'assignment1_rt.egg-info/SOURCES.txt'
[1.386s] writing manifest file 'assignment1_rt.egg-info/SOURCES.txt'
[1.388s] running build_ext
[1.389s] Creating /home/snape/track/install/assignment1_rt/lib/python3.10/site-packages/assignment1-rt.egg-link (link to .)
[1.389s] Installing distance_node script to /home/snape/track/install/assignment1_rt/lib/assignment1_rt
[1.389s] Installing turtle_spawn script to /home/snape/track/install/assignment1_rt/lib/assignment1_rt
[1.389s] Installing ui_node script to /home/snape/track/install/assignment1_rt/lib/assignment1_rt
[1.390s] 
[1.390s] Installed /home/snape/track/build/assignment1_rt
[1.390s] running symlink_data
[1.390s] creating /home/snape/track/install/assignment1_rt/share/ament_index
[1.390s] creating /home/snape/track/install/assignment1_rt/share/ament_index/resource_index
[1.390s] creating /home/snape/track/install/assignment1_rt/share/ament_index/resource_index/packages
[1.390s] symbolically linking /home/snape/track/build/assignment1_rt/resource/assignment1_rt -> /home/snape/track/install/assignment1_rt/share/ament_index/resource_index/packages
[1.390s] symbolically linking /home/snape/track/build/assignment1_rt/package.xml -> /home/snape/track/install/assignment1_rt/share/assignment1_rt
[1.390s] creating /home/snape/track/install/assignment1_rt/share/assignment1_rt/launch
[1.390s] symbolically linking /home/snape/track/build/assignment1_rt/launch/run.py -> /home/snape/track/install/assignment1_rt/share/assignment1_rt/launch
[1.406s] Invoked command in '/home/snape/track/build/assignment1_rt' returned '0': PYTHONPATH=/home/snape/track/build/assignment1_rt/prefix_override:/usr/lib/python3/dist-packages/colcon_core/task/python/colcon_distutils_commands:/home/snape/track/install/assignment1_rt/lib/python3.10/site-packages:${PYTHONPATH} /usr/bin/python3 -W ignore:setup.py install is deprecated -W ignore:easy_install command is deprecated setup.py develop --editable --build-directory /home/snape/track/build/assignment1_rt/build --no-deps symlink_data
