[0.953s] Invoking command in '/home/snape/track/assignment1_rt': PYTHONPATH=/home/snape/track/build/assignment1_rt/prefix_override:/usr/lib/python3/dist-packages/colcon_core/task/python/colcon_distutils_commands:/home/snape/track/install/assignment1_rt/lib/python3.10/site-packages:${PYTHONPATH} /usr/bin/python3 -W ignore:setup.py install is deprecated -W ignore:easy_install command is deprecated setup.py egg_info --egg-base ../build/assignment1_rt build --build-base /home/snape/track/build/assignment1_rt/build install --record /home/snape/track/build/assignment1_rt/install.log --single-version-externally-managed install_data
[1.211s] running egg_info
[1.211s] creating ../build/assignment1_rt/assignment1_rt.egg-info
[1.211s] writing ../build/assignment1_rt/assignment1_rt.egg-info/PKG-INFO
[1.211s] writing dependency_links to ../build/assignment1_rt/assignment1_rt.egg-info/dependency_links.txt
[1.211s] writing entry points to ../build/assignment1_rt/assignment1_rt.egg-info/entry_points.txt
[1.211s] writing requirements to ../build/assignment1_rt/assignment1_rt.egg-info/requires.txt
[1.212s] writing top-level names to ../build/assignment1_rt/assignment1_rt.egg-info/top_level.txt
[1.212s] writing manifest file '../build/assignment1_rt/assignment1_rt.egg-info/SOURCES.txt'
[1.213s] reading manifest file '../build/assignment1_rt/assignment1_rt.egg-info/SOURCES.txt'
[1.213s] writing manifest file '../build/assignment1_rt/assignment1_rt.egg-info/SOURCES.txt'
[1.214s] running build
[1.214s] running build_py
[1.214s] creating /home/snape/track/build/assignment1_rt/build
[1.214s] creating /home/snape/track/build/assignment1_rt/build/lib
[1.214s] creating /home/snape/track/build/assignment1_rt/build/lib/assignment1_rt
[1.214s] copying assignment1_rt/__init__.py -> /home/snape/track/build/assignment1_rt/build/lib/assignment1_rt
[1.215s] running install
[1.215s] running install_lib
[1.215s] creating /home/snape/track/install/assignment1_rt/lib/python3.10/site-packages/assignment1_rt
[1.215s] copying /home/snape/track/build/assignment1_rt/build/lib/assignment1_rt/__init__.py -> /home/snape/track/install/assignment1_rt/lib/python3.10/site-packages/assignment1_rt
[1.216s] byte-compiling /home/snape/track/install/assignment1_rt/lib/python3.10/site-packages/assignment1_rt/__init__.py to __init__.cpython-310.pyc
[1.216s] running install_data
[1.216s] creating /home/snape/track/install/assignment1_rt/share/ament_index
[1.217s] creating /home/snape/track/install/assignment1_rt/share/ament_index/resource_index
[1.217s] creating /home/snape/track/install/assignment1_rt/share/ament_index/resource_index/packages
[1.217s] copying resource/assignment1_rt -> /home/snape/track/install/assignment1_rt/share/ament_index/resource_index/packages
[1.217s] copying package.xml -> /home/snape/track/install/assignment1_rt/share/assignment1_rt
[1.217s] running install_egg_info
[1.219s] Copying ../build/assignment1_rt/assignment1_rt.egg-info to /home/snape/track/install/assignment1_rt/lib/python3.10/site-packages/assignment1_rt-0.0.0-py3.10.egg-info
[1.220s] running install_scripts
[1.241s] writing list of installed files to '/home/snape/track/build/assignment1_rt/install.log'
[1.255s] Invoked command in '/home/snape/track/assignment1_rt' returned '0': PYTHONPATH=/home/snape/track/build/assignment1_rt/prefix_override:/usr/lib/python3/dist-packages/colcon_core/task/python/colcon_distutils_commands:/home/snape/track/install/assignment1_rt/lib/python3.10/site-packages:${PYTHONPATH} /usr/bin/python3 -W ignore:setup.py install is deprecated -W ignore:easy_install command is deprecated setup.py egg_info --egg-base ../build/assignment1_rt build --build-base /home/snape/track/build/assignment1_rt/build install --record /home/snape/track/build/assignment1_rt/install.log --single-version-externally-managed install_data
